Component: ARM Compiler 5.06 update 7 (build 960) Tool: armlink [4d3601]

==============================================================================

Section Cross References

    startup_stm32g030xx.o(STACK) refers (Special) to heapauxi.o(.text) for __use_two_region_memory
    startup_stm32g030xx.o(HEAP) refers (Special) to heapauxi.o(.text) for __use_two_region_memory
    startup_stm32g030xx.o(RESET) refers (Special) to heapauxi.o(.text) for __use_two_region_memory
    startup_stm32g030xx.o(RESET) refers to startup_stm32g030xx.o(STACK) for __initial_sp
    startup_stm32g030xx.o(RESET) refers to startup_stm32g030xx.o(.text) for Reset_Handler
    startup_stm32g030xx.o(RESET) refers to stm32g0xx_it.o(i.NMI_Handler) for NMI_Handler
    startup_stm32g030xx.o(RESET) refers to stm32g0xx_it.o(i.HardFault_Handler) for HardFault_Handler
    startup_stm32g030xx.o(RESET) refers to stm32g0xx_it.o(i.SVC_Handler) for SVC_Handler
    startup_stm32g030xx.o(RESET) refers to stm32g0xx_it.o(i.PendSV_Handler) for PendSV_Handler
    startup_stm32g030xx.o(RESET) refers to stm32g0xx_it.o(i.SysTick_Handler) for SysTick_Handler
    startup_stm32g030xx.o(RESET) refers to stm32g0xx_it.o(i.TIM14_IRQHandler) for TIM14_IRQHandler
    startup_stm32g030xx.o(RESET) refers to stm32g0xx_it.o(i.TIM17_IRQHandler) for TIM17_IRQHandler
    startup_stm32g030xx.o(.text) refers (Special) to heapauxi.o(.text) for __use_two_region_memory
    startup_stm32g030xx.o(.text) refers to system_stm32g0xx.o(i.SystemInit) for SystemInit
    startup_stm32g030xx.o(.text) refers to __main.o(!!!main) for __main
    startup_stm32g030xx.o(.text) refers to startup_stm32g030xx.o(HEAP) for Heap_Mem
    startup_stm32g030xx.o(.text) refers to startup_stm32g030xx.o(STACK) for Stack_Mem
    main.o(i.main) refers to stm32g0xx_hal.o(i.HAL_Init) for HAL_Init
    main.o(i.main) refers to hardware.o(i.SystemClock_Config) for SystemClock_Config
    main.o(i.main) refers to hardware.o(i.MX_GPIO_Init) for MX_GPIO_Init
    main.o(i.main) refers to hardware.o(i.TIM17_Init) for TIM17_Init
    main.o(i.main) refers to hardware.o(i.TIM14_Init) for TIM14_Init
    main.o(i.main) refers to hardware.o(i.USART1_Init) for USART1_Init
    main.o(i.main) refers to hardware.o(i.DMA1_CH3_Init) for DMA1_CH3_Init
    main.o(i.main) refers to hardware.o(i.DMA1_CH4_Init) for DMA1_CH4_Init
    main.o(i.main) refers to mp3.o(i.MP3TrackPlayer) for MP3TrackPlayer
    main.o(i.main) refers to stm32g0xx_hal.o(i.HAL_Delay) for HAL_Delay
    main.o(i.main) refers to hardware.o(i.Inputs_Debouncer) for Inputs_Debouncer
    main.o(i.main) refers to __2sprintf.o(.text) for __2sprintf
    main.o(i.main) refers to hardware.o(i.SerialSendData) for SerialSendData
    main.o(i.main) refers to serial.o(i.CAB_SerialDataTransmition) for CAB_SerialDataTransmition
    main.o(i.main) refers to mp3.o(i.MP3PlayerOperation) for MP3PlayerOperation
    main.o(i.main) refers to main.o(.data) for .data
    main.o(i.main) refers to main.o(.bss) for .bss
    stm32g0xx_it.o(i.SysTick_Handler) refers to stm32g0xx_hal.o(i.HAL_IncTick) for HAL_IncTick
    stm32g0xx_it.o(i.TIM14_IRQHandler) refers to main.o(.data) for Pr
    stm32g0xx_it.o(i.TIM14_IRQHandler) refers to main.o(.data) for Task5MsTimer
    stm32g0xx_it.o(i.TIM14_IRQHandler) refers to main.o(.data) for Task20MsTimer
    stm32g0xx_it.o(i.TIM14_IRQHandler) refers to main.o(.data) for RandTrack
    stm32g0xx_it.o(i.TIM14_IRQHandler) refers to main.o(.data) for UART_MP3_TX_Time
    stm32g0xx_it.o(i.TIM14_IRQHandler) refers to main.o(.data) for PreCabTxDmaCnt
    stm32g0xx_it.o(i.TIM14_IRQHandler) refers to main.o(.data) for CAB_TX_AfterLastByteTimer
    stm32g0xx_it.o(i.TIM14_IRQHandler) refers to main.o(.data) for StandbyF
    stm32g0xx_it.o(i.TIM14_IRQHandler) refers to main.o(.data) for PlayerStatus
    stm32g0xx_it.o(i.TIM14_IRQHandler) refers to main.o(.data) for PlayerChecker
    stm32g0xx_it.o(i.TIM17_IRQHandler) refers to main.o(.data) for UARTM_StrLen
    stm32g0xx_it.o(i.TIM17_IRQHandler) refers to main.o(.data) for UART_MP3_TX_Time
    stm32g0xx_it.o(i.TIM17_IRQHandler) refers to main.o(.data) for UARTM_SendBitStatus
    stm32g0xx_it.o(i.TIM17_IRQHandler) refers to main.o(.data) for UARTM_StrByte
    stm32g0xx_it.o(i.TIM17_IRQHandler) refers to main.o(.bss) for MP3_Str
    stm32g0xx_it.o(i.TIM17_IRQHandler) refers to main.o(.data) for UARTM_Dtr
    stm32g0xx_it.o(i.TIM17_IRQHandler) refers to main.o(.data) for UARTM_BitShifter
    stm32g0xx_it.o(i.TIM17_IRQHandler) refers to main.o(.data) for MP3_Power
    hardware.o(i.DMA1_CH3_Init) refers to main.o(.bss) for CAB_TX_Buffer
    hardware.o(i.DMA1_CH4_Init) refers to main.o(.bss) for CAB_RX_Buffer
    hardware.o(i.Inputs_Debouncer) refers to stm32g0xx_hal_gpio.o(i.HAL_GPIO_ReadPin) for HAL_GPIO_ReadPin
    hardware.o(i.Inputs_Debouncer) refers to main.o(.data) for HwIn_Rev
    hardware.o(i.Inputs_Debouncer) refers to main.o(.data) for HwIn_RevUP
[...]
    Removing stm32g0xx_hal_flash_ex.o(.revsh_text), (4 bytes).
    Removing stm32g0xx_hal_flash_ex.o(i.FLASH_FlushCaches), (44 bytes).
    Removing stm32g0xx_hal_flash_ex.o(i.FLASH_MassErase), (20 bytes).
    Removing stm32g0xx_hal_flash_ex.o(i.FLASH_OB_GetRDP), (24 bytes).
    Removing stm32g0xx_hal_flash_ex.o(i.FLASH_OB_GetUser), (20 bytes).
    Removing stm32g0xx_hal_flash_ex.o(i.FLASH_OB_OptrConfig), (24 bytes).
    Removing stm32g0xx_hal_flash_ex.o(i.FLASH_PageErase), (32 bytes).
    Removing stm32g0xx_hal_flash_ex.o(i.HAL_FLASHEx_Erase), (136 bytes).
    Removing stm32g0xx_hal_flash_ex.o(i.HAL_FLASHEx_Erase_IT), (108 bytes).
    Removing stm32g0xx_hal_flash_ex.o(i.HAL_FLASHEx_FlashEmptyCheck), (16 bytes).
    Removing stm32g0xx_hal_flash_ex.o(i.HAL_FLASHEx_ForceFlashEmpty), (20 bytes).
    Removing stm32g0xx_hal_flash_ex.o(i.HAL_FLASHEx_OBGetConfig), (72 bytes).
    Removing stm32g0xx_hal_flash_ex.o(i.HAL_FLASHEx_OBProgram), (152 bytes).
    Removing stm32g0xx_hal_gpio.o(.rev16_text), (4 bytes).
    Removing stm32g0xx_hal_gpio.o(.revsh_text), (4 bytes).
    Removing stm32g0xx_hal_gpio.o(i.HAL_GPIO_DeInit), (212 bytes).
    Removing stm32g0xx_hal_gpio.o(i.HAL_GPIO_EXTI_Falling_Callback), (2 bytes).
    Removing stm32g0xx_hal_gpio.o(i.HAL_GPIO_EXTI_IRQHandler), (40 bytes).
    Removing stm32g0xx_hal_gpio.o(i.HAL_GPIO_EXTI_Rising_Callback), (2 bytes).
    Removing stm32g0xx_hal_gpio.o(i.HAL_GPIO_LockPin), (36 bytes).
    Removing stm32g0xx_hal_gpio.o(i.HAL_GPIO_TogglePin), (16 bytes).
    Removing stm32g0xx_hal_gpio.o(i.HAL_GPIO_WritePin), (12 bytes).
    Removing stm32g0xx_hal_dma.o(.rev16_text), (4 bytes).
    Removing stm32g0xx_hal_dma.o(.revsh_text), (4 bytes).
    Removing stm32g0xx_hal_dma.o(i.DMA_CalcDMAMUXChannelBaseAndMask), (48 bytes).
    Removing stm32g0xx_hal_dma.o(i.DMA_CalcDMAMUXRequestGenBaseAndMask), (40 bytes).
    Removing stm32g0xx_hal_dma.o(i.DMA_SetConfig), (72 bytes).
    Removing stm32g0xx_hal_dma.o(i.HAL_DMA_Abort), (116 bytes).
    Removing stm32g0xx_hal_dma.o(i.HAL_DMA_Abort_IT), (124 bytes).
    Removing stm32g0xx_hal_dma.o(i.HAL_DMA_DeInit), (132 bytes).
    Removing stm32g0xx_hal_dma.o(i.HAL_DMA_GetError), (4 bytes).
    Removing stm32g0xx_hal_dma.o(i.HAL_DMA_GetState), (6 bytes).
    Removing stm32g0xx_hal_dma.o(i.HAL_DMA_IRQHandler), (184 bytes).
    Removing stm32g0xx_hal_dma.o(i.HAL_DMA_Init), (164 bytes).
    Removing stm32g0xx_hal_dma.o(i.HAL_DMA_PollForTransfer), (272 bytes).
    Removing stm32g0xx_hal_dma.o(i.HAL_DMA_RegisterCallback), (72 bytes).
    Removing stm32g0xx_hal_dma.o(i.HAL_DMA_Start), (78 bytes).
    Removing stm32g0xx_hal_dma.o(i.HAL_DMA_Start_IT), (140 bytes).
    Removing stm32g0xx_hal_dma.o(i.HAL_DMA_UnRegisterCallback), (78 bytes).
    Removing stm32g0xx_hal_dma_ex.o(.rev16_text), (4 bytes).
    Removing stm32g0xx_hal_dma_ex.o(.revsh_text), (4 bytes).
    Removing stm32g0xx_hal_dma_ex.o(i.HAL_DMAEx_ConfigMuxRequestGenerator), (74 bytes).
    Removing stm32g0xx_hal_dma_ex.o(i.HAL_DMAEx_ConfigMuxSync), (80 bytes).
    Removing stm32g0xx_hal_dma_ex.o(i.HAL_DMAEx_DisableMuxRequestGenerator), (32 bytes).
    Removing stm32g0xx_hal_dma_ex.o(i.HAL_DMAEx_EnableMuxRequestGenerator), (32 bytes).
    Removing stm32g0xx_hal_dma_ex.o(i.HAL_DMAEx_MUX_IRQHandler), (104 bytes).
    Removing stm32g0xx_hal_pwr.o(.rev16_text), (4 bytes).
    Removing stm32g0xx_hal_pwr.o(.revsh_text), (4 bytes).
    Removing stm32g0xx_hal_pwr.o(i.HAL_PWR_DeInit), (24 bytes).
    Removing stm32g0xx_hal_pwr.o(i.HAL_PWR_DisableBkUpAccess), (16 bytes).
    Removing stm32g0xx_hal_pwr.o(i.HAL_PWR_DisableSEVOnPend), (16 bytes).
    Removing stm32g0xx_hal_pwr.o(i.HAL_PWR_DisableSleepOnExit), (16 bytes).
    Removing stm32g0xx_hal_pwr.o(i.HAL_PWR_DisableWakeUpPin), (20 bytes).
    Removing stm32g0xx_hal_pwr.o(i.HAL_PWR_EnableBkUpAccess), (16 bytes).
    Removing stm32g0xx_hal_pwr.o(i.HAL_PWR_EnableSEVOnPend), (16 bytes).
    Removing stm32g0xx_hal_pwr.o(i.HAL_PWR_EnableSleepOnExit), (16 bytes).
    Removing stm32g0xx_hal_pwr.o(i.HAL_PWR_EnableWakeUpPin), (28 bytes).
    Removing stm32g0xx_hal_pwr.o(i.HAL_PWR_EnterSLEEPMode), (68 bytes).
    Removing stm32g0xx_hal_pwr.o(i.HAL_PWR_EnterSTANDBYMode), (36 bytes).
    Removing stm32g0xx_hal_pwr.o(i.HAL_PWR_EnterSTOPMode), (64 bytes).
    Removing stm32g0xx_hal_pwr_ex.o(.rev16_text), (4 bytes).
    Removing stm32g0xx_hal_pwr_ex.o(.revsh_text), (4 bytes).
    Removing stm32g0xx_hal_pwr_ex.o(i.HAL_PWREx_DisableBatteryCharging), (16 bytes).
    Removing stm32g0xx_hal_pwr_ex.o(i.HAL_PWREx_DisableFlashPowerDown), (16 bytes).
    Removing stm32g0xx_hal_pwr_ex.o(i.HAL_PWREx_DisableGPIOPullDown), (80 bytes).
    Removing stm32g0xx_hal_pwr_ex.o(i.HAL_PWREx_DisableGPIOPullUp), (80 bytes).
    Removing stm32g0xx_hal_pwr_ex.o(i.HAL_PWREx_DisableInternalWakeUpLine), (16 bytes).
    Removing stm32g0xx_hal_pwr_ex.o(i.HAL_PWREx_DisableLowPowerRunMode), (64 bytes).
    Removing stm32g0xx_hal_pwr_ex.o(i.HAL_PWREx_DisablePullUpPullDownConfig), (16 bytes).
    Removing stm32g0xx_hal_pwr_ex.o(i.HAL_PWREx_EnableBatteryCharging), (24 bytes).
    Removing stm32g0xx_hal_pwr_ex.o(i.HAL_PWREx_EnableFlashPowerDown), (16 bytes).
    Removing stm32g0xx_hal_pwr_ex.o(i.HAL_PWREx_EnableGPIOPullDown), (116 bytes).
    Removing stm32g0xx_hal_pwr_ex.o(i.HAL_PWREx_EnableGPIOPullUp), (116 bytes).
    Removing stm32g0xx_hal_pwr_ex.o(i.HAL_PWREx_EnableInternalWakeUpLine), (16 bytes).
    Removing stm32g0xx_hal_pwr_ex.o(i.HAL_PWREx_EnableLowPowerRunMode), (16 bytes).
    Removing stm32g0xx_hal_pwr_ex.o(i.HAL_PWREx_EnablePullUpPullDownConfig), (16 bytes).
    Removing stm32g0xx_hal_pwr_ex.o(i.HAL_PWREx_GetVoltageRange), (16 bytes).
    Removing stm32g0xx_hal_cortex.o(.rev16_text), (4 bytes).
    Removing stm32g0xx_hal_cortex.o(.revsh_text), (4 bytes).
    Removing stm32g0xx_hal_cortex.o(i.HAL_MPU_ConfigRegion), (84 bytes).
    Removing stm32g0xx_hal_cortex.o(i.HAL_MPU_Disable), (16 bytes).
    Removing stm32g0xx_hal_cortex.o(i.HAL_MPU_Enable), (24 bytes).
    Removing stm32g0xx_hal_cortex.o(i.HAL_NVIC_ClearPendingIRQ), (24 bytes).
    Removing stm32g0xx_hal_cortex.o(i.HAL_NVIC_DisableIRQ), (32 bytes).
    Removing stm32g0xx_hal_cortex.o(i.HAL_NVIC_EnableIRQ), (24 bytes).
    Removing stm32g0xx_hal_cortex.o(i.HAL_NVIC_GetPendingIRQ), (32 bytes).
    Removing stm32g0xx_hal_cortex.o(i.HAL_NVIC_GetPriority), (52 bytes).
    Removing stm32g0xx_hal_cortex.o(i.HAL_NVIC_SetPendingIRQ), (24 bytes).
    Removing stm32g0xx_hal_cortex.o(i.HAL_NVIC_SystemReset), (28 bytes).
    Removing stm32g0xx_hal_cortex.o(i.HAL_SYSTICK_CLKSourceConfig), (24 bytes).
    Removing stm32g0xx_hal_cortex.o(i.HAL_SYSTICK_Callback), (2 bytes).
    Removing stm32g0xx_hal_cortex.o(i.HAL_SYSTICK_IRQHandler), (8 bytes).
    Removing stm32g0xx_hal.o(.rev16_text), (4 bytes).
    Removing stm32g0xx_hal.o(.revsh_text), (4 bytes).
    Removing stm32g0xx_hal.o(i.HAL_DBGMCU_DisableDBGStandbyMode), (16 bytes).
    Removing stm32g0xx_hal.o(i.HAL_DBGMCU_DisableDBGStopMode), (16 bytes).
    Removing stm32g0xx_hal.o(i.HAL_DBGMCU_EnableDBGStandbyMode), (16 bytes).
    Removing stm32g0xx_hal.o(i.HAL_DBGMCU_EnableDBGStopMode), (16 bytes).
    Removing stm32g0xx_hal.o(i.HAL_DeInit), (40 bytes).
    Removing stm32g0xx_hal.o(i.HAL_GetDEVID), (16 bytes).
    Removing stm32g0xx_hal.o(i.HAL_GetHalVersion), (8 bytes).
    Removing stm32g0xx_hal.o(i.HAL_GetREVID), (12 bytes).
    Removing stm32g0xx_hal.o(i.HAL_GetTickFreq), (12 bytes).
    Removing stm32g0xx_hal.o(i.HAL_GetTickPrio), (12 bytes).
    Removing stm32g0xx_hal.o(i.HAL_GetUIDw0), (12 bytes).
    Removing stm32g0xx_hal.o(i.HAL_GetUIDw1), (12 bytes).
    Removing stm32g0xx_hal.o(i.HAL_GetUIDw2), (12 bytes).
    Removing stm32g0xx_hal.o(i.HAL_MspDeInit), (2 bytes).
    Removing stm32g0xx_hal.o(i.HAL_MspInit), (2 bytes).
    Removing stm32g0xx_hal.o(i.HAL_ResumeTick), (16 bytes).
    Removing stm32g0xx_hal.o(i.HAL_SYSCFG_DisableClampingDiode), (16 bytes).
    Removing stm32g0xx_hal.o(i.HAL_SYSCFG_DisableIOAnalogSwitchBooster), (16 bytes).
    Removing stm32g0xx_hal.o(i.HAL_SYSCFG_DisableRemap), (16 bytes).
    Removing stm32g0xx_hal.o(i.HAL_SYSCFG_EnableClampingDiode), (16 bytes).
    Removing stm32g0xx_hal.o(i.HAL_SYSCFG_EnableIOAnalogSwitchBooster), (16 bytes).
    Removing stm32g0xx_hal.o(i.HAL_SYSCFG_EnableRemap), (16 bytes).
    Removing stm32g0xx_hal.o(i.HAL_SetTickFreq), (36 bytes).
    Removing stm32g0xx_hal.o(i.HAL_SuspendTick), (16 bytes).
    Removing stm32g0xx_hal_exti.o(.rev16_text), (4 bytes).
    Removing stm32g0xx_hal_exti.o(.revsh_text), (4 bytes).
    Removing stm32g0xx_hal_exti.o(i.HAL_EXTI_ClearConfigLine), (120 bytes).
    Removing stm32g0xx_hal_exti.o(i.HAL_EXTI_ClearPending), (40 bytes).
    Removing stm32g0xx_hal_exti.o(i.HAL_EXTI_GenerateSWI), (28 bytes).
    Removing stm32g0xx_hal_exti.o(i.HAL_EXTI_GetConfigLine), (160 bytes).
    Removing stm32g0xx_hal_exti.o(i.HAL_EXTI_GetHandle), (14 bytes).
    Removing stm32g0xx_hal_exti.o(i.HAL_EXTI_GetPending), (44 bytes).
    Removing stm32g0xx_hal_exti.o(i.HAL_EXTI_IRQHandler), (68 bytes).
    Removing stm32g0xx_hal_exti.o(i.HAL_EXTI_RegisterCallback), (30 bytes).
    Removing stm32g0xx_hal_exti.o(i.HAL_EXTI_SetConfigLine), (172 bytes).
    Removing system_stm32g0xx.o(.rev16_text), (4 bytes).
    Removing system_stm32g0xx.o(.revsh_text), (4 bytes).
    Removing system_stm32g0xx.o(i.SystemCoreClockUpdate), (144 bytes).
    Removing system_stm32g0xx.o(.constdata), (32 bytes).
    Removing stm32g0xx_hal_dma.o(i.__ARM_common_switch8), (26 bytes).

238 unused section(s) (total 8496 bytes) removed from the image.

==============================================================================

Image Symbol Table

    Local Symbols

    Symbol Name                              Value     Ov Type        Size  Object(Section)

    ../Core/Src/main.c                       0x00000000   Number         0  main.o ABSOLUTE
    ../Core/Src/stm32g0xx_hal_msp.c          0x00000000   Number         0  stm32g0xx_hal_msp.o ABSOLUTE
    ../Core/Src/stm32g0xx_it.c               0x00000000   Number         0  stm32g0xx_it.o ABSOLUTE
    ../Core/Src/system_stm32g0xx.c           0x00000000   Number         0  system_stm32g0xx.o ABSOLUTE
    ../Drivers/STM32G0xx_HAL_Driver/Src/stm32g0xx_hal.c 0x00000000   Number         0  stm32g0xx_hal.o ABSOLUTE
    ../Drivers/STM32G0xx_HAL_Driver/Src/stm32g0xx_hal_cortex.c 0x00000000   Number         0  stm32g0xx_hal_cortex.o ABSOLUTE
    ../Drivers/STM32G0xx_HAL_Driver/Src/stm32g0xx_hal_dma.c 0x00000000   Number         0  stm32g0xx_hal_dma.o ABSOLUTE
    ../Drivers/STM32G0xx_HAL_Driver/Src/stm32g0xx_hal_dma_ex.c 0x00000000   Number         0  stm32g0xx_hal_dma_ex.o ABSOLUTE
    ../Drivers/STM32G0xx_HAL_Driver/Src/stm32g0xx_hal_exti.c 0x00000000   Number         0  stm32g0xx_hal_exti.o ABSOLUTE
    ../Drivers/STM32G0xx_HAL_Driver/Src/stm32g0xx_hal_flash.c 0x00000000   Number         0  stm32g0xx_hal_flash.o ABSOLUTE
    ../Drivers/STM32G0xx_HAL_Driver/Src/stm32g0xx_hal_flash_ex.c 0x00000000   Number         0  stm32g0xx_hal_flash_ex.o ABSOLUTE
    ../Drivers/STM32G0xx_HAL_Driver/Src/stm32g0xx_hal_gpio.c 0x00000000   Number         0  stm32g0xx_hal_gpio.o ABSOLUTE
    ../Drivers/STM32G0xx_HAL_Driver/Src/stm32g0xx_hal_pwr.c 0x00000000   Number         0  stm32g0xx_hal_pwr.o ABSOLUTE
    ../Drivers/STM32G0xx_HAL_Driver/Src/stm32g0xx_hal_pwr_ex.c 0x00000000   Number         0  stm32g0xx_hal_pwr_ex.o ABSOLUTE
    ../Drivers/STM32G0xx_HAL_Driver/Src/stm32g0xx_hal_rcc.c 0x00000000   Number         0  stm32g0xx_hal_rcc.o ABSOLUTE
    ../Drivers/STM32G0xx_HAL_Driver/Src/stm32g0xx_hal_rcc_ex.c 0x00000000   Number         0  stm32g0xx_hal_rcc_ex.o ABSOLUTE
    ../Drivers/STM32G0xx_HAL_Driver/Src/stm32g0xx_hal_tim.c 0x00000000   Number         0  stm32g0xx_hal_tim.o ABSOLUTE
    ../Drivers/STM32G0xx_HAL_Driver/Src/stm32g0xx_hal_tim_ex.c 0x00000000   Number         0  stm32g0xx_hal_tim_ex.o ABSOLUTE
    ../Drivers/STM32G0xx_HAL_Driver/Src/stm32g0xx_ll_dma.c 0x00000000   Number         0  stm32g0xx_ll_dma.o ABSOLUTE
    ../Drivers/STM32G0xx_HAL_Driver/Src/stm32g0xx_ll_rcc.c 0x00000000   Number         0  stm32g0xx_ll_rcc.o ABSOLUTE
    ../clib/angel/boardlib.s                 0x00000000   Number         0  boardinit3.o ABSOLUTE
    ../clib/angel/boardlib.s                 0x00000000   Number         0  boardinit2.o ABSOLUTE
    ../clib/angel/boardlib.s                 0x00000000   Number         0  boardinit1.o ABSOLUTE
    ../clib/angel/boardlib.s                 0x00000000   Number         0  boardshut.o ABSOLUTE
    ../clib/angel/handlers.s                 0x00000000   Number         0  __scatter_copy.o ABSOLUTE
    ../clib/angel/handlers.s                 0x00000000   Number         0  __scatter_zi.o ABSOLUTE
    ../clib/angel/kernel.s                   0x00000000   Number         0  rtexit.o ABSOLUTE
    ../clib/angel/kernel.s                   0x00000000   Number         0  __rtentry2.o ABSOLUTE
    ../clib/angel/kernel.s                   0x00000000   Number         0  __rtentry.o ABSOLUTE
    ../clib/angel/kernel.s                   0x00000000   Number         0  __rtentry4.o ABSOLUTE
    ../clib/angel/kernel.s                   0x00000000   Number         0  rtexit2.o ABSOLUTE
    ../clib/angel/rt.s                       0x00000000   Number         0  rt_raise.o ABSOLUTE
    ../clib/angel/rt.s                       0x00000000   Number         0  aeabi_idiv0.o ABSOLUTE
    ../clib/angel/rt.s                       0x00000000   Number         0  aeabi_idiv0_sigfpe.o ABSOLUTE
    ../clib/angel/rt.s                       0x00000000   Number         0  rt_div0.o ABSOLUTE
    ../clib/angel/scatterp.s                 0x00000000   Number         0  __scatter.o ABSOLUTE
    ../clib/angel/startup.s                  0x00000000   Number         0  __main.o ABSOLUTE
    ../clib/angel/sys.s                      0x00000000   Number         0  tempstk.o ABSOLUTE
    ../clib/angel/sys.s                      0x00000000   Number         0  libspace.o ABSOLUTE
    ../clib/angel/sys.s                      0x00000000   Number         0  sys_stackheap_outer.o ABSOLUTE
    ../clib/angel/sys.s                      0x00000000   Number         0  indicate_semi.o ABSOLUTE
    ../clib/angel/sys.s                      0x00000000   Number         0  use_no_semi.o ABSOLUTE
    ../clib/angel/sysapp.c                   0x00000000   Number         0  sys_wrch.o ABSOLUTE
    ../clib/angel/sysapp.c                   0x00000000   Number         0  sys_command.o ABSOLUTE
    ../clib/angel/sysapp.c                   0x00000000   Number         0  sys_exit.o ABSOLUTE
    ../clib/armsys.c                         0x00000000   Number         0  no_argv.o ABSOLUTE
    ../clib/armsys.c                         0x00000000   Number         0  _get_argv_nomalloc.o ABSOLUTE
    ../clib/armsys.c                         0x00000000   Number         0  argv_veneer.o ABSOLUTE
    ../clib/division.s                       0x00000000   Number         0  aeabi_sdiv_div0.o ABSOLUTE
    ../clib/division.s                       0x00000000   Number         0  aeabi_sdiv.o ABSOLUTE
    ../clib/heapalloc.c                      0x00000000   Number         0  hrguard.o ABSOLUTE
    ../clib/heapaux.c                        0x00000000   Number         0  heapauxi.o ABSOLUTE
    ../clib/libinit.s                        0x00000000   Number         0  libinit2.o ABSOLUTE
    ../clib/libinit.s                        0x00000000   Number         0  libshutdown2.o ABSOLUTE
    ../clib/libinit.s                        0x00000000   Number         0  libshutdown.o ABSOLUTE
    ../clib/libinit.s                        0x00000000   Number         0  libinit.o ABSOLUTE
    ../clib/memcpset.c                       0x00000000   Number         0  rt_memclr.o ABSOLUTE
    ../clib/misc.s                           0x00000000   Number         0  printf_stubs.o ABSOLUTE
    ../clib/printf.c                         0x00000000   Number         0  _sputc.o ABSOLUTE
    ../clib/printf.c                         0x00000000   Number         0  _printf_char_common.o ABSOLUTE
    ../clib/printf.c                         0x00000000   Number         0  __printf_nopercent.o ABSOLUTE
    ../clib/printf.c                         0x00000000   Number         0  noretval__2sprintf.o ABSOLUTE
    ../clib/printf.c                         0x00000000   Number         0  __2sprintf.o ABSOLUTE
    ../clib/signal.c                         0x00000000   Number         0  defsig_fpe_formal.o ABSOLUTE
    ../clib/signal.c                         0x00000000   Number         0  defsig_other.o ABSOLUTE
    ../clib/signal.c                         0x00000000   Number         0  defsig_segv_inner.o ABSOLUTE
    ../clib/signal.c                         0x00000000   Number         0  defsig_cppl_inner.o ABSOLUTE
    ../clib/signal.c                         0x00000000   Number         0  defsig_pvfn_inner.o ABSOLUTE
    ../clib/signal.c                         0x00000000   Number         0  defsig_stak_inner.o ABSOLUTE
    ../clib/signal.c                         0x00000000   Number         0  defsig_rtmem_formal.o ABSOLUTE
    ../clib/signal.c                         0x00000000   Number         0  defsig_rtmem_outer.o ABSOLUTE
    ../clib/signal.c                         0x00000000   Number         0  defsig_general.o ABSOLUTE
    ../clib/signal.c                         0x00000000   Number         0  defsig_rtmem_inner.o ABSOLUTE
    ../clib/signal.c                         0x00000000   Number         0  __raise.o ABSOLUTE
    ../clib/signal.c                         0x00000000   Number         0  defsig_fpe_outer.o ABSOLUTE
    ../clib/signal.c                         0x00000000   Number         0  defsig_abrt_inner.o ABSOLUTE
    ../clib/signal.c                         0x00000000   Number         0  defsig_rtred_inner.o ABSOLUTE
    ../clib/signal.c                         0x00000000   Number         0  defsig_fpe_inner.o ABSOLUTE
    ../clib/signal.c                         0x00000000   Number         0  defsig_exit.o ABSOLUTE
    ../clib/signal.s                         0x00000000   Number         0  defsig.o ABSOLUTE
    ../clib/stdlib.c                         0x00000000   Number         0  exit.o ABSOLUTE
    ../fplib/cfplib/ffix.c                   0x00000000   Number         0  ffixui.o ABSOLUTE
    ../fplib/cfplib/fpinit.c                 0x00000000   Number         0  fpinit.o ABSOLUTE
    ../fplib/fmul6m.s                        0x00000000   Number         0  fmul.o ABSOLUTE
    ../fplib/usenofp.s                       0x00000000   Number         0  usenofp.o ABSOLUTE
    ..\Core\Src\Hardware.c                   0x00000000   Number         0  hardware.o ABSOLUTE
    ..\Core\Src\MP3.c                        0x00000000   Number         0  mp3.o ABSOLUTE
    ..\Core\Src\PB_Num.c                     0x00000000   Number         0  pb_num.o ABSOLUTE
    ..\Core\Src\Serial.c                     0x00000000   Number         0  serial.o ABSOLUTE
    ..\Core\Src\main.c                       0x00000000   Number         0  main.o ABSOLUTE
    ..\Core\Src\stm32g0xx_hal_msp.c          0x00000000   Number         0  stm32g0xx_hal_msp.o ABSOLUTE
    ..\Core\Src\stm32g0xx_it.c               0x00000000   Number         0  stm32g0xx_it.o ABSOLUTE
    ..\Core\Src\system_stm32g0xx.c           0x00000000   Number         0  system_stm32g0xx.o ABSOLUTE
    ..\Drivers\STM32G0xx_HAL_Driver\Src\stm32g0xx_hal.c 0x00000000   Number         0  stm32g0xx_hal.o ABSOLUTE
    ..\Drivers\STM32G0xx_HAL_Driver\Src\stm32g0xx_hal_cortex.c 0x00000000   Number         0  stm32g0xx_hal_cortex.o ABSOLUTE
    ..\Drivers\STM32G0xx_HAL_Driver\Src\stm32g0xx_hal_dma.c 0x00000000   Number         0  stm32g0xx_hal_dma.o ABSOLUTE
    ..\Drivers\STM32G0xx_HAL_Driver\Src\stm32g0xx_hal_dma_ex.c 0x00000000   Number         0  stm32g0xx_hal_dma_ex.o ABSOLUTE
    ..\Drivers\STM32G0xx_HAL_Driver\Src\stm32g0xx_hal_exti.c 0x00000000   Number         0  stm32g0xx_hal_exti.o ABSOLUTE
    ..\Drivers\STM32G0xx_HAL_Driver\Src\stm32g0xx_hal_flash.c 0x00000000   Number         0  stm32g0xx_hal_flash.o ABSOLUTE
    ..\Drivers\STM32G0xx_HAL_Driver\Src\stm32g0xx_hal_flash_ex.c 0x00000000   Number         0  stm32g0xx_hal_flash_ex.o ABSOLUTE
    ..\Drivers\STM32G0xx_HAL_Driver\Src\stm32g0xx_hal_gpio.c 0x00000000   Number         0  stm32g0xx_hal_gpio.o ABSOLUTE
    ..\Drivers\STM32G0xx_HAL_Driver\Src\stm32g0xx_hal_pwr.c 0x00000000   Number         0  stm32g0xx_hal_pwr.o ABSOLUTE
    ..\Drivers\STM32G0xx_HAL_Driver\Src\stm32g0xx_hal_pwr_ex.c 0x00000000   Number         0  stm32g0xx_hal_pwr_ex.o ABSOLUTE
    ..\Drivers\STM32G0xx_HAL_Driver\Src\stm32g0xx_hal_rcc.c 0x00000000   Number         0  stm32g0xx_hal_rcc.o ABSOLUTE
    ..\Drivers\STM32G0xx_HAL_Driver\Src\stm32g0xx_hal_rcc_ex.c 0x00000000   Number         0  stm32g0xx_hal_rcc_ex.o ABSOLUTE
    ..\Drivers\STM32G0xx_HAL_Driver\Src\stm32g0xx_hal_tim.c 0x00000000   Number         0  stm32g0xx_hal_tim.o ABSOLUTE
    ..\Drivers\STM32G0xx_HAL_Driver\Src\stm32g0xx_hal_tim_ex.c 0x00000000   Number         0  stm32g0xx_hal_tim_ex.o ABSOLUTE
    ..\\Core\\Src\\Hardware.c                0x00000000   Number         0  hardware.o ABSOLUTE
    ..\\Core\\Src\\MP3.c                     0x00000000   Number         0  mp3.o ABSOLUTE
    ..\\Core\\Src\\PB_Num.c                  0x00000000   Number         0  pb_num.o ABSOLUTE
    ..\\Core\\Src\\Serial.c                  0x00000000   Number         0  serial.o ABSOLUTE
    dc.s                                     0x00000000   Number         0  dc.o ABSOLUTE
    startup_stm32g030xx.s                    0x00000000   Number         0  startup_stm32g030xx.o ABSOLUTE
    RESET                                    0x08000000   Section      192  startup_stm32g030xx.o(RESET)
    !!!main                                  0x080000c0   Section        8  __main.o(!!!main)
    !!!scatter                               0x080000c8   Section       60  __scatter.o(!!!scatter)
    !!handler_copy                           0x08000104   Section       26  __scatter_copy.o(!!handler_copy)
    !!handler_zi                             0x08000120   Section       28  __scatter_zi.o(!!handler_zi)
    .ARM.Collect$$libinit$$00000000          0x0800013c   Section        2  libinit.o(.ARM.Collect$$libinit$$00000000)
    .ARM.Collect$$libinit$$00000002          0x0800013e   Section        0  libinit2.o(.ARM.Collect$$libinit$$00000002)
    .ARM.Collect$$libinit$$00000004          0x0800013e   Section        0  libinit2.o(.ARM.Collect$$libinit$$00000004)
    .ARM.Collect$$libinit$$0000000A          0x0800013e   Section        0  libinit2.o(.ARM.Collect$$libinit$$0000000A)
    .ARM.Collect$$libinit$$0000000C          0x0800013e   Section        0  libinit2.o(.ARM.Collect$$libinit$$0000000C)
    .ARM.Collect$$libinit$$0000000E          0x0800013e   Section        0  libinit2.o(.ARM.Collect$$libinit$$0000000E)
    .ARM.Collect$$libinit$$00000011          0x0800013e   Section        0  libinit2.o(.ARM.Collect$$libinit$$00000011)
    .ARM.Collect$$libinit$$00000013          0x0800013e   Section        0  libinit2.o(.ARM.Collect$$libinit$$00000013)
    .ARM.Collect$$libinit$$00000015          0x0800013e   Section        0  libinit2.o(.ARM.Collect$$libinit$$00000015)
    .ARM.Collect$$libinit$$00000017          0x0800013e   Section        0  libinit2.o(.ARM.Collect$$libinit$$00000017)
    .ARM.Collect$$libinit$$00000019          0x0800013e   Section        0  libinit2.o(.ARM.Collect$$libinit$$00000019)
    .ARM.Collect$$libinit$$0000001B          0x0800013e   Section        0  libinit2.o(.ARM.Collect$$libinit$$0000001B)
    .ARM.Collect$$libinit$$0000001D          0x0800013e   Section        0  libinit2.o(.ARM.Collect$$libinit$$0000001D)
    .ARM.Collect$$libinit$$0000001F          0x0800013e   Section        0  libinit2.o(.ARM.Collect$$libinit$$0000001F)
    .ARM.Collect$$libinit$$00000021          0x0800013e   Section        0  libinit2.o(.ARM.Collect$$libinit$$00000021)
    .ARM.Collect$$libinit$$00000023          0x0800013e   Section        0  libinit2.o(.ARM.Collect$$libinit$$00000023)
    .ARM.Collect$$libinit$$00000025          0x0800013e   Section        0  libinit2.o(.ARM.Collect$$libinit$$00000025)
    .ARM.Collect$$libinit$$0000002C          0x0800013e   Section        0  libinit2.o(.ARM.Collect$$libinit$$0000002C)
    .ARM.Collect$$libinit$$0000002E          0x0800013e   Section        0  libinit2.o(.ARM.Collect$$libinit$$0000002E)
    .ARM.Collect$$libinit$$00000030          0x0800013e   Section        0  libinit2.o(.ARM.Collect$$libinit$$00000030)
    .ARM.Collect$$libinit$$00000032          0x0800013e   Section        0  libinit2.o(.ARM.Collect$$libinit$$00000032)
    .ARM.Collect$$libinit$$00000033          0x0800013e   Section        2  libinit2.o(.ARM.Collect$$libinit$$00000033)
    .ARM.Collect$$libshutdown$$00000000      0x08000140   Section        2  libshutdown.o(.ARM.Collect$$libshutdown$$00000000)
    .ARM.Collect$$libshutdown$$00000002      0x08000142   Section        0  libshutdown2.o(.ARM.Collect$$libshutdown$$00000002)
    .ARM.Collect$$libshutdown$$00000004      0x08000142   Section        0  libshutdown2.o(.ARM.Collect$$libshutdown$$00000004)
    .ARM.Collect$$libshutdown$$00000006      0x08000142   Section        0  libshutdown2.o(.ARM.Collect$$libshutdown$$00000006)
    .ARM.Collect$$libshutdown$$00000009      0x08000142   Section        0  libshutdown2.o(.ARM.Collect$$libshutdown$$00000009)
    .ARM.Collect$$libshutdown$$0000000C      0x08000142   Section        0  libshutdown2.o(.ARM.Collect$$libshutdown$$0000000C)
    .ARM.Collect$$libshutdown$$0000000E      0x08000142   Section        0  libshutdown2.o(.ARM.Collect$$libshutdown$$0000000E)
    .ARM.Collect$$libshutdown$$00000011      0x08000142   Section        0  libshutdown2.o(.ARM.Collect$$libshutdown$$00000011)
    .ARM.Collect$$libshutdown$$00000012      0x08000142   Section        2  libshutdown2.o(.ARM.Collect$$libshutdown$$00000012)
    .ARM.Collect$$rtentry$$00000000          0x08000144   Section        0  __rtentry.o(.ARM.Collect$$rtentry$$00000000)
    .ARM.Collect$$rtentry$$00000002          0x08000144   Section        0  __rtentry2.o(.ARM.Collect$$rtentry$$00000002)
    .ARM.Collect$$rtentry$$00000004          0x08000144   Section        6  __rtentry4.o(.ARM.Collect$$rtentry$$00000004)
    .ARM.Collect$$rtentry$$00000009          0x0800014a   Section        0  __rtentry2.o(.ARM.Collect$$rtentry$$00000009)
    .ARM.Collect$$rtentry$$0000000A          0x0800014a   Section        4  __rtentry2.o(.ARM.Collect$$rtentry$$0000000A)
    .ARM.Collect$$rtentry$$0000000C          0x0800014e   Section        0  __rtentry2.o(.ARM.Collect$$rtentry$$0000000C)
    .ARM.Collect$$rtentry$$0000000D          0x0800014e   Section        8  __rtentry2.o(.ARM.Collect$$rtentry$$0000000D)
    .ARM.Collect$$rtexit$$00000000           0x08000156   Section        2  rtexit.o(.ARM.Collect$$rtexit$$00000000)
    .ARM.Collect$$rtexit$$00000002           0x08000158   Section        0  rtexit2.o(.ARM.Collect$$rtexit$$00000002)
    .ARM.Collect$$rtexit$$00000003           0x08000158   Section        4  rtexit2.o(.ARM.Collect$$rtexit$$00000003)
    .ARM.Collect$$rtexit$$00000004           0x0800015c   Section        6  rtexit2.o(.ARM.Collect$$rtexit$$00000004)
    .text                                    0x08000164   Section       56  startup_stm32g030xx.o(.text)
    .text                                    0x0800019c   Section        0  __2sprintf.o(.text)
    .text                                    0x080001c8   Section        0  rt_memclr.o(.text)
    .text                                    0x08000208   Section      346  aeabi_sdiv.o(.text)
    .text                                    0x08000362   Section        0  heapauxi.o(.text)
    .text                                    0x08000368   Section        0  ffixui.o(.text)
    .text                                    0x08000398   Section        0  _printf_char_common.o(.text)
    _printf_input_char                       0x08000399   Thumb Code    10  _printf_char_common.o(.text)
    .text                                    0x080003c8   Section        0  _sputc.o(.text)
    .text                                    0x080003d2   Section        0  __printf_nopercent.o(.text)
    .text                                    0x080003f6   Section       62  sys_stackheap_outer.o(.text)
    .text                                    0x08000434   Section        0  exit.o(.text)
    .text                                    0x08000444   Section        8  libspace.o(.text)
    .text                                    0x0800044c   Section        0  sys_exit.o(.text)
    .text                                    0x08000458   Section        2  use_no_semi.o(.text)
    .text                                    0x0800045a   Section        0  indicate_semi.o(.text)
    i.CAB_SerialDataTransmition              0x0800045c   Section        0  serial.o(i.CAB_SerialDataTransmition)
    i.DMA1_CH3_Init                          0x08000804   Section        0  hardware.o(i.DMA1_CH3_Init)
    i.DMA1_CH4_Init                          0x08000850   Section        0  hardware.o(i.DMA1_CH4_Init)
    i.Error_Handler                          0x080008a0   Section        0  main.o(i.Error_Handler)
    i.HAL_Delay                              0x080008a4   Section        0  stm32g0xx_hal.o(i.HAL_Delay)
    i.HAL_GPIO_Init                          0x080008c8   Section        0  stm32g0xx_hal_gpio.o(i.HAL_GPIO_Init)
    i.HAL_GPIO_ReadPin                       0x08000a24   Section        0  stm32g0xx_hal_gpio.o(i.HAL_GPIO_ReadPin)
    i.HAL_GetTick                            0x08000a30   Section        0  stm32g0xx_hal.o(i.HAL_GetTick)
    i.HAL_IncTick                            0x08000a3c   Section        0  stm32g0xx_hal.o(i.HAL_IncTick)
    i.HAL_Init                               0x08000a4c   Section        0  stm32g0xx_hal.o(i.HAL_Init)
    i.HAL_InitTick                           0x08000a74   Section        0  stm32g0xx_hal.o(i.HAL_InitTick)
    i.HAL_MspInit                            0x08000abc   Section        0  stm32g0xx_hal_msp.o(i.HAL_MspInit)
    i.HAL_NVIC_SetPriority                   0x08000ae8   Section        0  stm32g0xx_hal_cortex.o(i.HAL_NVIC_SetPriority)
    i.HAL_PWREx_ControlVoltageScaling        0x08000af0   Section        0  stm32g0xx_hal_pwr_ex.o(i.HAL_PWREx_ControlVoltageScaling)
    i.HAL_RCC_ClockConfig                    0x08000b3c   Section        0  stm32g0xx_hal_rcc.o(i.HAL_RCC_ClockConfig)
    i.HAL_RCC_GetSysClockFreq                0x08000c94   Section        0  stm32g0xx_hal_rcc.o(i.HAL_RCC_GetSysClockFreq)
    i.HAL_RCC_OscConfig                      0x08000d20   Section        0  stm32g0xx_hal_rcc.o(i.HAL_RCC_OscConfig)
    i.HAL_SYSTICK_Config                     0x080010f8   Section        0  stm32g0xx_hal_cortex.o(i.HAL_SYSTICK_Config)
    i.HardFault_Handler                      0x08001128   Section        0  stm32g0xx_it.o(i.HardFault_Handler)
    i.Inputs_Debouncer                       0x0800112c   Section        0  hardware.o(i.Inputs_Debouncer)
    i.MP3PlayerOperation                     0x08001298   Section        0  mp3.o(i.MP3PlayerOperation)
    i.MP3TrackPlayer                         0x0800164c   Section        0  mp3.o(i.MP3TrackPlayer)
    i.MX_GPIO_Init                           0x0800167c   Section        0  hardware.o(i.MX_GPIO_Init)
    i.NMI_Handler                            0x08001790   Section        0  stm32g0xx_it.o(i.NMI_Handler)
    i.PendSV_Handler                         0x08001792   Section        0  stm32g0xx_it.o(i.PendSV_Handler)
    i.SVC_Handler                            0x08001794   Section        0  stm32g0xx_it.o(i.SVC_Handler)
    i.SerialSendData                         0x08001798   Section        0  hardware.o(i.SerialSendData)
    i.StopMp3Activity                        0x080017ac   Section        0  mp3.o(i.StopMp3Activity)
    i.SysTick_Handler                        0x080017d0   Section        0  stm32g0xx_it.o(i.SysTick_Handler)
    i.SystemClock_Config                     0x080017d8   Section        0  hardware.o(i.SystemClock_Config)
    i.SystemInit                             0x08001840   Section        0  system_stm32g0xx.o(i.SystemInit)
    i.TIM14_IRQHandler                       0x08001844   Section        0  stm32g0xx_it.o(i.TIM14_IRQHandler)
    i.TIM14_Init                             0x08001954   Section        0  hardware.o(i.TIM14_Init)
    i.TIM17_IRQHandler                       0x08001990   Section        0  stm32g0xx_it.o(i.TIM17_IRQHandler)
    i.TIM17_Init                             0x08001a54   Section        0  hardware.o(i.TIM17_Init)
    i.USART1_Init                            0x08001a90   Section        0  hardware.o(i.USART1_Init)
    i.__NVIC_EnableIRQ                       0x08001b10   Section        0  hardware.o(i.__NVIC_EnableIRQ)
    __NVIC_EnableIRQ                         0x08001b11   Thumb Code    18  hardware.o(i.__NVIC_EnableIRQ)
    i.__NVIC_SetPriority                     0x08001b28   Section        0  stm32g0xx_hal_cortex.o(i.__NVIC_SetPriority)
    __NVIC_SetPriority                       0x08001b29   Thumb Code    60  stm32g0xx_hal_cortex.o(i.__NVIC_SetPriority)
    i.main                                   0x08001b6c   Section        0  main.o(i.main)
    x$fpl$fmul                               0x08001cf4   Section      176  fmul.o(x$fpl$fmul)
    .constdata                               0x08001da4   Section       64  system_stm32g0xx.o(.constdata)
    x$fpl$usenofp                            0x08001da4   Section        0  usenofp.o(x$fpl$usenofp)
    .data                                    0x20000000   Section        1  main.o(.data)
    .data                                    0x20000001   Section        1  main.o(.data)
    .data                                    0x20000002   Section        1  main.o(.data)
    .data                                    0x20000003   Section        1  main.o(.data)
    .data                                    0x20000004   Section        1  main.o(.data)
    .data                                    0x20000005   Section        1  main.o(.data)
    .data                                    0x20000006   Section       28  main.o(.data)
    .data                                    0x20000022   Section        1  main.o(.data)
    .data                                    0x20000023   Section        1  main.o(.data)
    .data                                    0x20000024   Section        1  main.o(.data)
    .data                                    0x20000025   Section        1  main.o(.data)
    .data                                    0x20000026   Section        1  main.o(.data)
    .data                                    0x20000027   Section        1  main.o(.data)
    .data                                    0x20000028   Section        1  main.o(.data)
    .data                                    0x20000029   Section        1  main.o(.data)
    .data                                    0x2000002a   Section        1  main.o(.data)
    .data                                    0x2000002b   Section        1  main.o(.data)
    .data                                    0x2000002c   Section        1  main.o(.data)
    .data                                    0x2000002d   Section        1  main.o(.data)
    .data                                    0x2000002e   Section        2  main.o(.data)
    .data                                    0x20000030   Section        1  main.o(.data)
    .data                                    0x20000032   Section        2  main.o(.data)
    .data                                    0x20000034   Section        2  main.o(.data)
    .data                                    0x20000036   Section        8  main.o(.data)
    .data                                    0x2000003e   Section        1  main.o(.data)
    .data                                    0x2000003f   Section        1  main.o(.data)
    .data                                    0x20000040   Section        1  main.o(.data)
    .data                                    0x20000041   Section        1  main.o(.data)
    .data                                    0x20000042   Section        1  main.o(.data)
    .data                                    0x20000044   Section        4  main.o(.data)
    .data                                    0x20000048   Section        1  main.o(.data)
    .data                                    0x20000049   Section        1  main.o(.data)
    .data                                    0x2000004a   Section        1  main.o(.data)
    .data                                    0x2000004b   Section        1  main.o(.data)
    .data                                    0x2000004c   Section        1  main.o(.data)
    .data                                    0x2000004d   Section        1  main.o(.data)
    .data                                    0x2000004e   Section        1  main.o(.data)
    .data                                    0x2000004f   Section        1  main.o(.data)
    .data                                    0x20000050   Section        2  main.o(.data)
    .data                                    0x20000052   Section        2  main.o(.data)
    .data                                    0x20000054   Section        1  main.o(.data)
    .data                                    0x20000055   Section        1  main.o(.data)
    .data                                    0x20000056   Section        1  main.o(.data)
    .data                                    0x20000057   Section        1  main.o(.data)
    .data                                    0x20000058   Section        1  main.o(.data)
    .data                                    0x20000059   Section        1  main.o(.data)
    .data                                    0x2000005a   Section        1  main.o(.data)
    .data                                    0x2000005b   Section        1  main.o(.data)
    .data                                    0x2000005c   Section        1  main.o(.data)
    .data                                    0x2000005d   Section        1  main.o(.data)
    .data                                    0x2000005e   Section        1  main.o(.data)
    .data                                    0x2000005f   Section        1  main.o(.data)
    .data                                    0x20000060   Section        1  main.o(.data)
    .data                                    0x20000061   Section        1  main.o(.data)
    .data                                    0x20000062   Section        1  main.o(.data)
    .data                                    0x20000063   Section        1  main.o(.data)
    .data                                    0x20000064   Section        1  main.o(.data)
    .data                                    0x20000065   Section        1  main.o(.data)
    .data                                    0x20000066   Section        1  main.o(.data)
    .data                                    0x20000067   Section        1  main.o(.data)
    .data                                    0x20000068   Section        1  main.o(.data)
    .data                                    0x20000069   Section        1  main.o(.data)
    .data                                    0x2000006a   Section        1  main.o(.data)
    .data                                    0x2000006b   Section        1  main.o(.data)
    .data                                    0x2000006c   Section        1  main.o(.data)
    .data                                    0x2000006d   Section        6  main.o(.data)
    .data                                    0x20000073   Section        6  main.o(.data)
    .data                                    0x2000007c   Section       12  stm32g0xx_hal.o(.data)
    .data                                    0x20000088   Section        4  system_stm32g0xx.o(.data)
    .bss                                     0x2000008c   Section       20  main.o(.bss)
    .bss                                     0x200000a0   Section       10  main.o(.bss)
    .bss                                     0x200000aa   Section       10  main.o(.bss)
    .bss                                     0x200000b4   Section       50  main.o(.bss)
    .bss                                     0x200000e6   Section      200  main.o(.bss)
    .bss                                     0x200001ae   Section       30  main.o(.bss)
    .bss                                     0x200001cc   Section       96  libspace.o(.bss)
    HEAP                                     0x20000230   Section      512  startup_stm32g030xx.o(HEAP)
    Heap_Mem                                 0x20000230   Data         512  startup_stm32g030xx.o(HEAP)
    STACK                                    0x20000430   Section     1024  startup_stm32g030xx.o(STACK)
    Stack_Mem                                0x20000430   Data        1024  startup_stm32g030xx.o(STACK)
    __initial_sp                             0x20000830   Data           0  startup_stm32g030xx.o(STACK)

    Global Symbols

    Symbol Name                              Value     Ov Type        Size  Object(Section)

    BuildAttributes$$THM_ISAv3M$S$PE$A:L22$X:L11$S22$IEEE1$IW$USESV6$~STKCKD$USESV7$~SHL$OSPACE$ROPI$EBA8$UX$STANDARDLIB$REQ8$PRES8$EABIv2 0x00000000   Number         0  anon$$obj.o ABSOLUTE
    __ARM_use_no_argv                        0x00000000   Number         0  main.o ABSOLUTE
    _printf_flags                            0x00000000   Number         0  printf_stubs.o ABSOLUTE
    _printf_return_value                     0x00000000   Number         0  printf_stubs.o ABSOLUTE
    _printf_sizespec                         0x00000000   Number         0  printf_stubs.o ABSOLUTE
    _printf_widthprec                        0x00000000   Number         0  printf_stubs.o ABSOLUTE
    __ARM_exceptions_init                     - Undefined Weak Reference
    __alloca_initialize                       - Undefined Weak Reference
    __arm_fini_                               - Undefined Weak Reference
    __arm_preinit_                            - Undefined Weak Reference
    __cpp_initialize__aeabi_                  - Undefined Weak Reference
    __cxa_finalize                            - Undefined Weak Reference
    __rt_locale                               - Undefined Weak Reference
    __sigvec_lookup                           - Undefined Weak Reference
    _atexit_init                              - Undefined Weak Reference
    _call_atexit_fns                          - Undefined Weak Reference
    _clock_init                               - Undefined Weak Reference
    _fp_trap_init                             - Undefined Weak Reference
    _fp_trap_shutdown                         - Undefined Weak Reference
    _get_lc_collate                           - Undefined Weak Reference
    _get_lc_ctype                             - Undefined Weak Reference
    _get_lc_monetary                          - Undefined Weak Reference
    _get_lc_numeric                           - Undefined Weak Reference
    _get_lc_time                              - Undefined Weak Reference
    _getenv_init                              - Undefined Weak Reference
    _handle_redirection                       - Undefined Weak Reference
    _init_alloc                               - Undefined Weak Reference
    _init_user_alloc                          - Undefined Weak Reference
    _initio                                   - Undefined Weak Reference
    _rand_init                                - Undefined Weak Reference
    _signal_finish                            - Undefined Weak Reference
    _signal_init                              - Undefined Weak Reference
    _terminate_alloc                          - Undefined Weak Reference
    _terminate_user_alloc                     - Undefined Weak Reference
    _terminateio                              - Undefined Weak Reference
    __Vectors_Size                           0x000000c0   Number         0  startup_stm32g030xx.o ABSOLUTE
    __Vectors                                0x08000000   Data           4  startup_stm32g030xx.o(RESET)
    __Vectors_End                            0x080000c0   Data           0  startup_stm32g030xx.o(RESET)
    __main                                   0x080000c1   Thumb Code     8  __main.o(!!!main)
    __scatterload                            0x080000c9   Thumb Code     0  __scatter.o(!!!scatter)
    __scatterload_rt2                        0x080000c9   Thumb Code    52  __scatter.o(!!!scatter)
    __scatterload_rt2_thumb_only             0x080000c9   Thumb Code     0  __scatter.o(!!!scatter)
    __scatterload_null                       0x080000d9   Thumb Code     0  __scatter.o(!!!scatter)
    __scatterload_copy                       0x08000105   Thumb Code    26  __scatter_copy.o(!!handler_copy)
    __scatterload_zeroinit                   0x08000121   Thumb Code    28  __scatter_zi.o(!!handler_zi)
    __rt_lib_init                            0x0800013d   Thumb Code     0  libinit.o(.ARM.Collect$$libinit$$00000000)
    __rt_lib_init_alloca_1                   0x0800013f   Thumb Code     0  libinit2.o(.ARM.Collect$$libinit$$0000002E)
    __rt_lib_init_argv_1                     0x0800013f   Thumb Code     0  libinit2.o(.ARM.Collect$$libinit$$0000002C)
    __rt_lib_init_atexit_1                   0x0800013f   Thumb Code     0  libinit2.o(.ARM.Collect$$libinit$$0000001B)
    __rt_lib_init_clock_1                    0x0800013f   Thumb Code     0  libinit2.o(.ARM.Collect$$libinit$$00000021)
    __rt_lib_init_cpp_1                      0x0800013f   Thumb Code     0  libinit2.o(.ARM.Collect$$libinit$$00000032)
    __rt_lib_init_exceptions_1               0x0800013f   Thumb Code     0  libinit2.o(.ARM.Collect$$libinit$$00000030)
    __rt_lib_init_fp_1                       0x0800013f   Thumb Code     0  libinit2.o(.ARM.Collect$$libinit$$00000002)
    __rt_lib_init_fp_trap_1                  0x0800013f   Thumb Code     0  libinit2.o(.ARM.Collect$$libinit$$0000001F)
    __rt_lib_init_getenv_1                   0x0800013f   Thumb Code     0  libinit2.o(.ARM.Collect$$libinit$$00000023)
    __rt_lib_init_heap_1                     0x0800013f   Thumb Code     0  libinit2.o(.ARM.Collect$$libinit$$0000000A)
    __rt_lib_init_lc_collate_1               0x0800013f   Thumb Code     0  libinit2.o(.ARM.Collect$$libinit$$00000011)
    __rt_lib_init_lc_ctype_1                 0x0800013f   Thumb Code     0  libinit2.o(.ARM.Collect$$libinit$$00000013)
    __rt_lib_init_lc_monetary_1              0x0800013f   Thumb Code     0  libinit2.o(.ARM.Collect$$libinit$$00000015)
    __rt_lib_init_lc_numeric_1               0x0800013f   Thumb Code     0  libinit2.o(.ARM.Collect$$libinit$$00000017)
    __rt_lib_init_lc_time_1                  0x0800013f   Thumb Code     0  libinit2.o(.ARM.Collect$$libinit$$00000019)
    __rt_lib_init_preinit_1                  0x0800013f   Thumb Code     0  libinit2.o(.ARM.Collect$$libinit$$00000004)
    __rt_lib_init_rand_1                     0x0800013f   Thumb Code     0  libinit2.o(.ARM.Collect$$libinit$$0000000E)
    __rt_lib_init_return                     0x0800013f   Thumb Code     0  libinit2.o(.ARM.Collect$$libinit$$00000033)
    __rt_lib_init_signal_1                   0x0800013f   Thumb Code     0  libinit2.o(.ARM.Collect$$libinit$$0000001D)
    __rt_lib_init_stdio_1                    0x0800013f   Thumb Code     0  libinit2.o(.ARM.Collect$$libinit$$00000025)
    __rt_lib_init_user_alloc_1               0x0800013f   Thumb Code     0  libinit2.o(.ARM.Collect$$libinit$$0000000C)
    __rt_lib_shutdown                        0x08000141   Thumb Code     0  libshutdown.o(.ARM.Collect$$libshutdown$$00000000)
    __rt_lib_shutdown_cpp_1                  0x08000143   Thumb Code     0  libshutdown2.o(.ARM.Collect$$libshutdown$$00000004)
    __rt_lib_shutdown_fini_1                 0x08000143   Thumb Code     0  libshutdown2.o(.ARM.Collect$$libshutdown$$00000002)
    __rt_lib_shutdown_fp_trap_1              0x08000143   Thumb Code     0  libshutdown2.o(.ARM.Collect$$libshutdown$$00000009)
    __rt_lib_shutdown_heap_1                 0x08000143   Thumb Code     0  libshutdown2.o(.ARM.Collect$$libshutdown$$00000011)
    __rt_lib_shutdown_return                 0x08000143   Thumb Code     0  libshutdown2.o(.ARM.Collect$$libshutdown$$00000012)
    __rt_lib_shutdown_signal_1               0x08000143   Thumb Code     0  libshutdown2.o(.ARM.Collect$$libshutdown$$0000000C)
    __rt_lib_shutdown_stdio_1                0x08000143   Thumb Code     0  libshutdown2.o(.ARM.Collect$$libshutdown$$00000006)
    __rt_lib_shutdown_user_alloc_1           0x08000143   Thumb Code     0  libshutdown2.o(.ARM.Collect$$libshutdown$$0000000E)
    __rt_entry                               0x08000145   Thumb Code     0  __rtentry.o(.ARM.Collect$$rtentry$$00000000)
    __rt_entry_presh_1                       0x08000145   Thumb Code     0  __rtentry2.o(.ARM.Collect$$rtentry$$00000002)
    __rt_entry_sh                            0x08000145   Thumb Code     0  __rtentry4.o(.ARM.Collect$$rtentry$$00000004)
    __rt_entry_li                            0x0800014b   Thumb Code     0  __rtentry2.o(.ARM.Collect$$rtentry$$0000000A)
    __rt_entry_postsh_1                      0x0800014b   Thumb Code     0  __rtentry2.o(.ARM.Collect$$rtentry$$00000009)
    __rt_entry_main                          0x0800014f   Thumb Code     0  __rtentry2.o(.ARM.Collect$$rtentry$$0000000D)
    __rt_entry_postli_1                      0x0800014f   Thumb Code     0  __rtentry2.o(.ARM.Collect$$rtentry$$0000000C)
    __rt_exit                                0x08000157   Thumb Code     0  rtexit.o(.ARM.Collect$$rtexit$$00000000)
    __rt_exit_ls                             0x08000159   Thumb Code     0  rtexit2.o(.ARM.Collect$$rtexit$$00000003)
    __rt_exit_prels_1                        0x08000159   Thumb Code     0  rtexit2.o(.ARM.Collect$$rtexit$$00000002)
    __rt_exit_exit                           0x0800015d   Thumb Code     0  rtexit2.o(.ARM.Collect$$rtexit$$00000004)
    Reset_Handler                            0x08000165   Thumb Code     8  startup_stm32g030xx.o(.text)
    ADC1_IRQHandler                          0x08000177   Thumb Code     0  startup_stm32g030xx.o(.text)
    DMA1_Ch4_5_DMAMUX1_OVR_IRQHandler        0x08000177   Thumb Code     0  startup_stm32g030xx.o(.text)
    DMA1_Channel1_IRQHandler                 0x08000177   Thumb Code     0  startup_stm32g030xx.o(.text)
    DMA1_Channel2_3_IRQHandler               0x08000177   Thumb Code     0  startup_stm32g030xx.o(.text)
    EXTI0_1_IRQHandler                       0x08000177   Thumb Code     0  startup_stm32g030xx.o(.text)
    EXTI2_3_IRQHandler                       0x08000177   Thumb Code     0  startup_stm32g030xx.o(.text)
    EXTI4_15_IRQHandler                      0x08000177   Thumb Code     0  startup_stm32g030xx.o(.text)
    FLASH_IRQHandler                         0x08000177   Thumb Code     0  startup_stm32g030xx.o(.text)
    I2C1_IRQHandler                          0x08000177   Thumb Code     0  startup_stm32g030xx.o(.text)
    I2C2_IRQHandler                          0x08000177   Thumb Code     0  startup_stm32g030xx.o(.text)
    RCC_IRQHandler                           0x08000177   Thumb Code     0  startup_stm32g030xx.o(.text)
    RTC_TAMP_IRQHandler                      0x08000177   Thumb Code     0  startup_stm32g030xx.o(.text)
    SPI1_IRQHandler                          0x08000177   Thumb Code     0  startup_stm32g030xx.o(.text)
    SPI2_IRQHandler                          0x08000177   Thumb Code     0  startup_stm32g030xx.o(.text)
    TIM16_IRQHandler                         0x08000177   Thumb Code     0  startup_stm32g030xx.o(.text)
    TIM1_BRK_UP_TRG_COM_IRQHandler           0x08000177   Thumb Code     0  startup_stm32g030xx.o(.text)
    TIM1_CC_IRQHandler                       0x08000177   Thumb Code     0  startup_stm32g030xx.o(.text)
    TIM3_IRQHandler                          0x08000177   Thumb Code     0  startup_stm32g030xx.o(.text)
    USART1_IRQHandler                        0x08000177   Thumb Code     0  startup_stm32g030xx.o(.text)
    USART2_IRQHandler                        0x08000177   Thumb Code     0  startup_stm32g030xx.o(.text)
    WWDG_IRQHandler                          0x08000177   Thumb Code     0  startup_stm32g030xx.o(.text)
    __user_initial_stackheap                 0x08000179   Thumb Code     0  startup_stm32g030xx.o(.text)
    __2sprintf                               0x0800019d   Thumb Code    40  __2sprintf.o(.text)
    _memset_w                                0x080001c9   Thumb Code    26  rt_memclr.o(.text)
    _memset                                  0x080001e3   Thumb Code    30  rt_memclr.o(.text)
    __aeabi_memclr                           0x08000201   Thumb Code     4  rt_memclr.o(.text)
    __rt_memclr                              0x08000201   Thumb Code     0  rt_memclr.o(.text)
    __aeabi_memclr4                          0x08000205   Thumb Code     0  rt_memclr.o(.text)
    __aeabi_memclr8                          0x08000205   Thumb Code     0  rt_memclr.o(.text)
    __rt_memclr_w                            0x08000205   Thumb Code     4  rt_memclr.o(.text)
    __aeabi_uidiv                            0x08000209   Thumb Code     0  aeabi_sdiv.o(.text)
    __aeabi_uidivmod                         0x08000209   Thumb Code    20  aeabi_sdiv.o(.text)
    __aeabi_idiv                             0x0800021d   Thumb Code     0  aeabi_sdiv.o(.text)
    __aeabi_idivmod                          0x0800021d   Thumb Code   326  aeabi_sdiv.o(.text)
    __use_two_region_memory                  0x08000363   Thumb Code     2  heapauxi.o(.text)
    __rt_heap_escrow$2region                 0x08000365   Thumb Code     2  heapauxi.o(.text)
    __rt_heap_expand$2region                 0x08000367   Thumb Code     2  heapauxi.o(.text)
    __aeabi_f2uiz                            0x08000369   Thumb Code     0  ffixui.o(.text)
    _ffixu                                   0x08000369   Thumb Code    48  ffixui.o(.text)
    _printf_char_common                      0x080003a3   Thumb Code    32  _printf_char_common.o(.text)
    _sputc                                   0x080003c9   Thumb Code    10  _sputc.o(.text)
    __printf                                 0x080003d3   Thumb Code    36  __printf_nopercent.o(.text)
    __user_setup_stackheap                   0x080003f7   Thumb Code    62  sys_stackheap_outer.o(.text)
    exit                                     0x08000435   Thumb Code    16  exit.o(.text)
    __user_libspace                          0x08000445   Thumb Code     8  libspace.o(.text)
    __user_perproc_libspace                  0x08000445   Thumb Code     0  libspace.o(.text)
    __user_perthread_libspace                0x08000445   Thumb Code     0  libspace.o(.text)
    _sys_exit                                0x0800044d   Thumb Code     8  sys_exit.o(.text)
    __I$use$semihosting                      0x08000459   Thumb Code     0  use_no_semi.o(.text)
    __use_no_semihosting_swi                 0x08000459   Thumb Code     2  use_no_semi.o(.text)
    __semihosting_library_function           0x0800045b   Thumb Code     0  indicate_semi.o(.text)
    CAB_SerialDataTransmition                0x0800045d   Thumb Code   728  serial.o(i.CAB_SerialDataTransmition)
    DMA1_CH3_Init                            0x08000805   Thumb Code    50  hardware.o(i.DMA1_CH3_Init)
    DMA1_CH4_Init                            0x08000851   Thumb Code    52  hardware.o(i.DMA1_CH4_Init)
    Error_Handler                            0x080008a1   Thumb Code     4  main.o(i.Error_Handler)
    HAL_Delay                                0x080008a5   Thumb Code    32  stm32g0xx_hal.o(i.HAL_Delay)
    HAL_GPIO_Init                            0x080008c9   Thumb Code   330  stm32g0xx_hal_gpio.o(i.HAL_GPIO_Init)
    HAL_GPIO_ReadPin                         0x08000a25   Thumb Code    10  stm32g0xx_hal_gpio.o(i.HAL_GPIO_ReadPin)
    HAL_GetTick                              0x08000a31   Thumb Code     6  stm32g0xx_hal.o(i.HAL_GetTick)
    HAL_IncTick                              0x08000a3d   Thumb Code    12  stm32g0xx_hal.o(i.HAL_IncTick)
    HAL_Init                                 0x08000a4d   Thumb Code    36  stm32g0xx_hal.o(i.HAL_Init)
    HAL_InitTick                             0x08000a75   Thumb Code    64  stm32g0xx_hal.o(i.HAL_InitTick)
    HAL_MspInit                              0x08000abd   Thumb Code    38  stm32g0xx_hal_msp.o(i.HAL_MspInit)
    HAL_NVIC_SetPriority                     0x08000ae9   Thumb Code     8  stm32g0xx_hal_cortex.o(i.HAL_NVIC_SetPriority)
    HAL_PWREx_ControlVoltageScaling          0x08000af1   Thumb Code    62  stm32g0xx_hal_pwr_ex.o(i.HAL_PWREx_ControlVoltageScaling)
    HAL_RCC_ClockConfig                      0x08000b3d   Thumb Code   318  stm32g0xx_hal_rcc.o(i.HAL_RCC_ClockConfig)
    HAL_RCC_GetSysClockFreq                  0x08000c95   Thumb Code   130  stm32g0xx_hal_rcc.o(i.HAL_RCC_GetSysClockFreq)
    HAL_RCC_OscConfig                        0x08000d21   Thumb Code   946  stm32g0xx_hal_rcc.o(i.HAL_RCC_OscConfig)
    HAL_SYSTICK_Config                       0x080010f9   Thumb Code    38  stm32g0xx_hal_cortex.o(i.HAL_SYSTICK_Config)
    HardFault_Handler                        0x08001129   Thumb Code     2  stm32g0xx_it.o(i.HardFault_Handler)
    Inputs_Debouncer                         0x0800112d   Thumb Code   310  hardware.o(i.Inputs_Debouncer)
    MP3PlayerOperation                       0x08001299   Thumb Code   820  mp3.o(i.MP3PlayerOperation)
    MP3TrackPlayer                           0x0800164d   Thumb Code    38  mp3.o(i.MP3TrackPlayer)
    MX_GPIO_Init                             0x0800167d   Thumb Code   264  hardware.o(i.MX_GPIO_Init)
    NMI_Handler                              0x08001791   Thumb Code     2  stm32g0xx_it.o(i.NMI_Handler)
    PendSV_Handler                           0x08001793   Thumb Code     2  stm32g0xx_it.o(i.PendSV_Handler)
    SVC_Handler                              0x08001795   Thumb Code     2  stm32g0xx_it.o(i.SVC_Handler)
    SerialSendData                           0x08001799   Thumb Code    14  hardware.o(i.SerialSendData)
    StopMp3Activity                          0x080017ad   Thumb Code    20  mp3.o(i.StopMp3Activity)
    SysTick_Handler                          0x080017d1   Thumb Code     8  stm32g0xx_it.o(i.SysTick_Handler)
    SystemClock_Config                       0x080017d9   Thumb Code   104  hardware.o(i.SystemClock_Config)
    SystemInit                               0x08001841   Thumb Code     2  system_stm32g0xx.o(i.SystemInit)
    TIM14_IRQHandler                         0x08001845   Thumb Code   198  stm32g0xx_it.o(i.TIM14_IRQHandler)
    TIM14_Init                               0x08001955   Thumb Code    48  hardware.o(i.TIM14_Init)
    TIM17_IRQHandler                         0x08001991   Thumb Code   158  stm32g0xx_it.o(i.TIM17_IRQHandler)
    TIM17_Init                               0x08001a55   Thumb Code    46  hardware.o(i.TIM17_Init)
    USART1_Init                              0x08001a91   Thumb Code   112  hardware.o(i.USART1_Init)
    main                                     0x08001b6d   Thumb Code   342  main.o(i.main)
    __aeabi_fmul                             0x08001cf5   Thumb Code     0  fmul.o(x$fpl$fmul)
    _fmul                                    0x08001cf5   Thumb Code   172  fmul.o(x$fpl$fmul)
    AHBPrescTable                            0x08001da4   Data          64  system_stm32g0xx.o(.constdata)
    __I$use$fp                               0x08001da4   Number         0  usenofp.o(x$fpl$usenofp)
    Region$$Table$$Base                      0x08001de4   Number         0  anon$$obj.o(Region$$Table)
    Region$$Table$$Limit                     0x08001e04   Number         0  anon$$obj.o(Region$$Table)
    UARTM_SendBitStatus                      0x20000000   Data           1  main.o(.data)
    UARTM_Dtr                                0x20000001   Data           1  main.o(.data)
    UARTM_BitShifter                         0x20000002   Data           1  main.o(.data)
    UARTM_StrByte                            0x20000003   Data           1  main.o(.data)
    UARTM_StrLen                             0x20000004   Data           1  main.o(.data)
    MP3_SetupF                               0x20000005   Data           1  main.o(.data)
    MP3_Power                                0x20000006   Data           1  main.o(.data)
    StopMp3F                                 0x20000007   Data           1  main.o(.data)
    PB_BlinkTimer                            0x20000008   Data           1  main.o(.data)
    PB_BlinkStatus                           0x20000009   Data           1  main.o(.data)
    CRXDataCNT                               0x2000000a   Data           1  main.o(.data)
    SyncStatus                               0x2000000b   Data           1  main.o(.data)
    PacketLen                                0x2000000c   Data           1  main.o(.data)
    CAB_DataCounter                          0x2000000d   Data           1  main.o(.data)
    CAB_DataCount                            0x2000000e   Data           1  main.o(.data)
    CMD_Door1                                0x2000000f   Data           1  main.o(.data)
    CMD_URA                                  0x20000010   Data           1  main.o(.data)
    RunOrStop                                0x20000011   Data           1  main.o(.data)
    LandingF                                 0x20000012   Data           1  main.o(.data)
    PowerOnDelay                             0x20000014   Data           2  main.o(.data)
    PowerOffDelay                            0x20000016   Data           2  main.o(.data)
    Task5MsTimer                             0x20000018   Data           2  main.o(.data)
    Task100MsTimer                           0x2000001a   Data           2  main.o(.data)
    Task1SecTimer                            0x2000001c   Data           2  main.o(.data)
    Task1MinuteTimer                         0x2000001e   Data           2  main.o(.data)
    GetDataTimer                             0x20000020   Data           2  main.o(.data)
    ActivePlayer                             0x20000022   Data           1  main.o(.data)
    CMD_MP3File                              0x20000023   Data           1  main.o(.data)
    PreMp3File                               0x20000024   Data           1  main.o(.data)
    GangPulsTime                             0x20000025   Data           1  main.o(.data)
    RandTrack                                0x20000026   Data           1  main.o(.data)
    ReplayCounter                            0x20000027   Data           1  main.o(.data)
    Mp3Listcc                                0x20000028   Data           1  main.o(.data)
    Mp3Whilecc                               0x20000029   Data           1  main.o(.data)
    PlayerStatus                             0x2000002a   Data           1  main.o(.data)
    Mp3Folder                                0x2000002b   Data           1  main.o(.data)
    Mp3Track                                 0x2000002c   Data           1  main.o(.data)
    LatestMusicCounter                       0x2000002d   Data           1  main.o(.data)
    PlayerChecker                            0x2000002e   Data           2  main.o(.data)
    UART_MP3_TX_Time                         0x20000030   Data           1  main.o(.data)
    Pr                                       0x20000032   Data           2  main.o(.data)
    Task20MsTimer                            0x20000034   Data           2  main.o(.data)
    InDebTimer                               0x20000036   Data           8  main.o(.data)
    CAB_TX_AfterLastByteTimer                0x2000003e   Data           1  main.o(.data)
    CPB_Clear                                0x2000003f   Data           1  main.o(.data)
    CPB_Set                                  0x20000040   Data           1  main.o(.data)
    CPB_Blinker                              0x20000041   Data           1  main.o(.data)
    Numrator                                 0x20000042   Data           1  main.o(.data)
    BatteryVoltage                           0x20000044   Data           4  main.o(.data)
    HwIn_Rev                                 0x20000048   Data           1  main.o(.data)
    HwIn_RevUP                               0x20000049   Data           1  main.o(.data)
    HwIn_RevDN                               0x2000004a   Data           1  main.o(.data)
    HwIn_STP                                 0x2000004b   Data           1  main.o(.data)
    HwIn_DO                                  0x2000004c   Data           1  main.o(.data)
    NewPacketF                               0x2000004d   Data           1  main.o(.data)
    PacketCounter                            0x2000004e   Data           1  main.o(.data)
    LinkLED_Status                           0x2000004f   Data           1  main.o(.data)
    PacketError                              0x20000050   Data           2  main.o(.data)
    PreCabTxDmaCnt                           0x20000052   Data           2  main.o(.data)
    In_IN                                    0x20000054   Data           1  main.o(.data)
    In_OVL                                   0x20000055   Data           1  main.o(.data)
    In_REV                                   0x20000056   Data           1  main.o(.data)
    In_UP                                    0x20000057   Data           1  main.o(.data)
    In_DN                                    0x20000058   Data           1  main.o(.data)
    In_STP                                   0x20000059   Data           1  main.o(.data)
    T_PHC                                    0x2000005a   Data           1  main.o(.data)
    T_DO                                     0x2000005b   Data           1  main.o(.data)
    SegUp                                    0x2000005c   Data           1  main.o(.data)
    SegDn                                    0x2000005d   Data           1  main.o(.data)
    Safety_90                                0x2000005e   Data           1  main.o(.data)
    Safety_71                                0x2000005f   Data           1  main.o(.data)
    Safety_66                                0x20000060   Data           1  main.o(.data)
    Safety_69                                0x20000061   Data           1  main.o(.data)
    Safety_68                                0x20000062   Data           1  main.o(.data)
    OutStatus                                0x20000063   Data           1  main.o(.data)
    StandbyF                                 0x20000064   Data           1  main.o(.data)
    CMD_Door2                                0x20000065   Data           1  main.o(.data)
    SegL                                     0x20000066   Data           1  main.o(.data)
    WelcomeF                                 0x20000067   Data           1  main.o(.data)
    E_Level                                  0x20000068   Data           1  main.o(.data)
    FloorTalk                                0x20000069   Data           1  main.o(.data)
    GangSelect                               0x2000006a   Data           1  main.o(.data)
    MusicVolume                              0x2000006b   Data           1  main.o(.data)
    TalkVolume                               0x2000006c   Data           1  main.o(.data)
    CPB                                      0x2000006d   Data           6  main.o(.data)
    CPB_Cancel                               0x20000073   Data           6  main.o(.data)
    uwTickFreq                               0x2000007c   Data           1  stm32g0xx_hal.o(.data)
    uwTickPrio                               0x20000080   Data           4  stm32g0xx_hal.o(.data)
    uwTick                                   0x20000084   Data           4  stm32g0xx_hal.o(.data)
    SystemCoreClock                          0x20000088   Data           4  system_stm32g0xx.o(.data)
    MP3_Str                                  0x2000008c   Data          20  main.o(.bss)
    PlayerList                               0x200000a0   Data          10  main.o(.bss)
    LatestPlayedMusics                       0x200000aa   Data          10  main.o(.bss)
    CAB_TX_Buffer                            0x200000b4   Data          50  main.o(.bss)
    CAB_RX_Buffer                            0x200000e6   Data         200  main.o(.bss)
    ReceivedPacket                           0x200001ae   Data          30  main.o(.bss)
    __libspace_start                         0x200001cc   Data          96  libspace.o(.bss)
    __temporary_stack_top$libspace           0x2000022c   Data           0  libspace.o(.bss)



==============================================================================

Memory Map of the image

  Image Entry point : 0x080000c1

  Load Region LR_IROM1 (Base: 0x08000000, Size: 0x00001e90, Max: 0x00008000, ABSOLUTE)

    Execution Region ER_IROM1 (Exec base: 0x08000000, Load base: 0x08000000, Size: 0x00001e04, Max: 0x00008000, ABSOLUTE)

    Exec Addr    Load Addr    Size         Type   Attr      Idx    E Section Name        Object

    0x08000000   0x08000000   0x000000c0   Data   RO            3    RESET               startup_stm32g030xx.o
    0x080000c0   0x080000c0   0x00000008   Code   RO         1713  * !!!main             c_p.l(__main.o)
    0x080000c8   0x080000c8   0x0000003c   Code   RO         1895    !!!scatter          c_p.l(__scatter.o)
    0x08000104   0x08000104   0x0000001a   Code   RO         1897    !!handler_copy      c_p.l(__scatter_copy.o)
    0x0800011e   0x0800011e   0x00000002   PAD
    0x08000120   0x08000120   0x0000001c   Code   RO         1899    !!handler_zi        c_p.l(__scatter_zi.o)
    0x0800013c   0x0800013c   0x00000002   Code   RO         1762    .ARM.Collect$$libinit$$00000000  c_p.l(libinit.o)
    0x0800013e   0x0800013e   0x00000000   Code   RO         1776    .ARM.Collect$$libinit$$00000002  c_p.l(libinit2.o)
    0x0800013e   0x0800013e   0x00000000   Code   RO         1778    .ARM.Collect$$libinit$$00000004  c_p.l(libinit2.o)
    0x0800013e   0x0800013e   0x00000000   Code   RO         1781    .ARM.Collect$$libinit$$0000000A  c_p.l(libinit2.o)
    0x0800013e   0x0800013e   0x00000000   Code   RO         1783    .ARM.Collect$$libinit$$0000000C  c_p.l(libinit2.o)
    0x0800013e   0x0800013e   0x00000000   Code   RO         1785    .ARM.Collect$$libinit$$0000000E  c_p.l(libinit2.o)
    0x0800013e   0x0800013e   0x00000000   Code   RO         1788    .ARM.Collect$$libinit$$00000011  c_p.l(libinit2.o)
    0x0800013e   0x0800013e   0x00000000   Code   RO         1790    .ARM.Collect$$libinit$$00000013  c_p.l(libinit2.o)
    0x0800013e   0x0800013e   0x00000000   Code   RO         1792    .ARM.Collect$$libinit$$00000015  c_p.l(libinit2.o)
    0x0800013e   0x0800013e   0x00000000   Code   RO         1794    .ARM.Collect$$libinit$$00000017  c_p.l(libinit2.o)
    0x0800013e   0x0800013e   0x00000000   Code   RO         1796    .ARM.Collect$$libinit$$00000019  c_p.l(libinit2.o)
    0x0800013e   0x0800013e   0x00000000   Code   RO         1798    .ARM.Collect$$libinit$$0000001B  c_p.l(libinit2.o)
    0x0800013e   0x0800013e   0x00000000   Code   RO         1800    .ARM.Collect$$libinit$$0000001D  c_p.l(libinit2.o)
    0x0800013e   0x0800013e   0x00000000   Code   RO         1802    .ARM.Collect$$libinit$$0000001F  c_p.l(libinit2.o)
    0x0800013e   0x0800013e   0x00000000   Code   RO         1804    .ARM.Collect$$libinit$$00000021  c_p.l(libinit2.o)
    0x0800013e   0x0800013e   0x00000000   Code   RO         1806    .ARM.Collect$$libinit$$00000023  c_p.l(libinit2.o)
    0x0800013e   0x0800013e   0x00000000   Code   RO         1808    .ARM.Collect$$libinit$$00000025  c_p.l(libinit2.o)
    0x0800013e   0x0800013e   0x00000000   Code   RO         1812    .ARM.Collect$$libinit$$0000002C  c_p.l(libinit2.o)
    0x0800013e   0x0800013e   0x00000000   Code   RO         1814    .ARM.Collect$$libinit$$0000002E  c_p.l(libinit2.o)
    0x0800013e   0x0800013e   0x00000000   Code   RO         1816    .ARM.Collect$$libinit$$00000030  c_p.l(libinit2.o)
    0x0800013e   0x0800013e   0x00000000   Code   RO         1818    .ARM.Collect$$libinit$$00000032  c_p.l(libinit2.o)
    0x0800013e   0x0800013e   0x00000002   Code   RO         1819    .ARM.Collect$$libinit$$00000033  c_p.l(libinit2.o)
    0x08000140   0x08000140   0x00000002   Code   RO         1850    .ARM.Collect$$libshutdown$$00000000  c_p.l(libshutdown.o)
    0x08000142   0x08000142   0x00000000   Code   RO         1876    .ARM.Collect$$libshutdown$$00000002  c_p.l(libshutdown2.o)
    0x08000142   0x08000142   0x00000000   Code   RO         1878    .ARM.Collect$$libshutdown$$00000004  c_p.l(libshutdown2.o)
    0x08000142   0x08000142   0x00000000   Code   RO         1880    .ARM.Collect$$libshutdown$$00000006  c_p.l(libshutdown2.o)
    0x08000142   0x08000142   0x00000000   Code   RO         1883    .ARM.Collect$$libshutdown$$00000009  c_p.l(libshutdown2.o)
    0x08000142   0x08000142   0x00000000   Code   RO         1886    .ARM.Collect$$libshutdown$$0000000C  c_p.l(libshutdown2.o)
    0x08000142   0x08000142   0x00000000   Code   RO         1888    .ARM.Collect$$libshutdown$$0000000E  c_p.l(libshutdown2.o)
    0x08000142   0x08000142   0x00000000   Code   RO         1891    .ARM.Collect$$libshutdown$$00000011  c_p.l(libshutdown2.o)
    0x08000142   0x08000142   0x00000002   Code   RO         1892    .ARM.Collect$$libshutdown$$00000012  c_p.l(libshutdown2.o)
    0x08000144   0x08000144   0x00000000   Code   RO         1719    .ARM.Collect$$rtentry$$00000000  c_p.l(__rtentry.o)
    0x08000144   0x08000144   0x00000000   Code   RO         1730    .ARM.Collect$$rtentry$$00000002  c_p.l(__rtentry2.o)
    0x08000144   0x08000144   0x00000006   Code   RO         1742    .ARM.Collect$$rtentry$$00000004  c_p.l(__rtentry4.o)
    0x0800014a   0x0800014a   0x00000000   Code   RO         1732    .ARM.Collect$$rtentry$$00000009  c_p.l(__rtentry2.o)
    0x0800014a   0x0800014a   0x00000004   Code   RO         1733    .ARM.Collect$$rtentry$$0000000A  c_p.l(__rtentry2.o)
    0x0800014e   0x0800014e   0x00000000   Code   RO         1735    .ARM.Collect$$rtentry$$0000000C  c_p.l(__rtentry2.o)
    0x0800014e   0x0800014e   0x00000008   Code   RO         1736    .ARM.Collect$$rtentry$$0000000D  c_p.l(__rtentry2.o)
    0x08000156   0x08000156   0x00000002   Code   RO         1767    .ARM.Collect$$rtexit$$00000000  c_p.l(rtexit.o)
    0x08000158   0x08000158   0x00000000   Code   RO         1823    .ARM.Collect$$rtexit$$00000002  c_p.l(rtexit2.o)
    0x08000158   0x08000158   0x00000004   Code   RO         1824    .ARM.Collect$$rtexit$$00000003  c_p.l(rtexit2.o)
    0x0800015c   0x0800015c   0x00000006   Code   RO         1825    .ARM.Collect$$rtexit$$00000004  c_p.l(rtexit2.o)
    0x08000162   0x08000162   0x00000002   PAD
    0x08000164   0x08000164   0x00000038   Code   RO            4    .text               startup_stm32g030xx.o
    0x0800019c   0x0800019c   0x0000002c   Code   RO         1701    .text               c_p.l(__2sprintf.o)
    0x080001c8   0x080001c8   0x00000040   Code   RO         1705    .text               c_p.l(rt_memclr.o)
    0x08000208   0x08000208   0x0000015a   Code   RO         1707    .text               c_p.l(aeabi_sdiv.o)
    0x08000362   0x08000362   0x00000006   Code   RO         1711    .text               c_p.l(heapauxi.o)
    0x08000368   0x08000368   0x00000030   Code   RO         1715    .text               fz_ps.l(ffixui.o)
    0x08000398   0x08000398   0x00000030   Code   RO         1724    .text               c_p.l(_printf_char_common.o)
    0x080003c8   0x080003c8   0x0000000a   Code   RO         1726    .text               c_p.l(_sputc.o)
    0x080003d2   0x080003d2   0x00000024   Code   RO         1746    .text               c_p.l(__printf_nopercent.o)
    0x080003f6   0x080003f6   0x0000003e   Code   RO         1748    .text               c_p.l(sys_stackheap_outer.o)
    0x08000434   0x08000434   0x00000010   Code   RO         1751    .text               c_p.l(exit.o)
    0x08000444   0x08000444   0x00000008   Code   RO         1763    .text               c_p.l(libspace.o)
    0x0800044c   0x0800044c   0x0000000c   Code   RO         1820    .text               c_p.l(sys_exit.o)
    0x08000458   0x08000458   0x00000002   Code   RO         1839    .text               c_p.l(use_no_semi.o)
    0x0800045a   0x0800045a   0x00000000   Code   RO         1841    .text               c_p.l(indicate_semi.o)
    0x0800045a   0x0800045a   0x00000002   PAD
    0x0800045c   0x0800045c   0x000003a8   Code   RO          483    i.CAB_SerialDataTransmition  serial.o
    0x08000804   0x08000804   0x0000004c   Code   RO          350    i.DMA1_CH3_Init     hardware.o
    0x08000850   0x08000850   0x00000050   Code   RO          351    i.DMA1_CH4_Init     hardware.o
    0x080008a0   0x080008a0   0x00000004   Code   RO           12    i.Error_Handler     main.o
    0x080008a4   0x080008a4   0x00000024   Code   RO         1410    i.HAL_Delay         stm32g0xx_hal.o
    0x080008c8   0x080008c8   0x0000015c   Code   RO          883    i.HAL_GPIO_Init     stm32g0xx_hal_gpio.o
    0x08000a24   0x08000a24   0x0000000a   Code   RO          885    i.HAL_GPIO_ReadPin  stm32g0xx_hal_gpio.o
    0x08000a2e   0x08000a2e   0x00000002   PAD
    0x08000a30   0x08000a30   0x0000000c   Code   RO         1414    i.HAL_GetTick       stm32g0xx_hal.o
    0x08000a3c   0x08000a3c   0x00000010   Code   RO         1420    i.HAL_IncTick       stm32g0xx_hal.o
    0x08000a4c   0x08000a4c   0x00000028   Code   RO         1421    i.HAL_Init          stm32g0xx_hal.o
    0x08000a74   0x08000a74   0x00000048   Code   RO         1422    i.HAL_InitTick      stm32g0xx_hal.o
    0x08000abc   0x08000abc   0x0000002c   Code   RO          330    i.HAL_MspInit       stm32g0xx_hal_msp.o
    0x08000ae8   0x08000ae8   0x00000008   Code   RO         1302    i.HAL_NVIC_SetPriority  stm32g0xx_hal_cortex.o
    0x08000af0   0x08000af0   0x0000004c   Code   RO         1183    i.HAL_PWREx_ControlVoltageScaling  stm32g0xx_hal_pwr_ex.o
    0x08000b3c   0x08000b3c   0x00000158   Code   RO          533    i.HAL_RCC_ClockConfig  stm32g0xx_hal_rcc.o
    0x08000c94   0x08000c94   0x0000008c   Code   RO          543    i.HAL_RCC_GetSysClockFreq  stm32g0xx_hal_rcc.o
    0x08000d20   0x08000d20   0x000003d8   Code   RO          547    i.HAL_RCC_OscConfig  stm32g0xx_hal_rcc.o
    0x080010f8   0x080010f8   0x00000030   Code   RO         1306    i.HAL_SYSTICK_Config  stm32g0xx_hal_cortex.o
    0x08001128   0x08001128   0x00000002   Code   RO          270    i.HardFault_Handler  stm32g0xx_it.o
    0x0800112a   0x0800112a   0x00000002   PAD
    0x0800112c   0x0800112c   0x0000016c   Code   RO          352    i.Inputs_Debouncer  hardware.o
    0x08001298   0x08001298   0x000003b4   Code   RO          427    i.MP3PlayerOperation  mp3.o
    0x0800164c   0x0800164c   0x00000030   Code   RO          428    i.MP3TrackPlayer    mp3.o
    0x0800167c   0x0800167c   0x00000114   Code   RO          353    i.MX_GPIO_Init      hardware.o
    0x08001790   0x08001790   0x00000002   Code   RO          271    i.NMI_Handler       stm32g0xx_it.o
    0x08001792   0x08001792   0x00000002   Code   RO          272    i.PendSV_Handler    stm32g0xx_it.o
    0x08001794   0x08001794   0x00000002   Code   RO          273    i.SVC_Handler       stm32g0xx_it.o
    0x08001796   0x08001796   0x00000002   PAD
    0x08001798   0x08001798   0x00000014   Code   RO          354    i.SerialSendData    hardware.o
    0x080017ac   0x080017ac   0x00000024   Code   RO          429    i.StopMp3Activity   mp3.o
    0x080017d0   0x080017d0   0x00000008   Code   RO          274    i.SysTick_Handler   stm32g0xx_it.o
    0x080017d8   0x080017d8   0x00000068   Code   RO          355    i.SystemClock_Config  hardware.o
    0x08001840   0x08001840   0x00000002   Code   RO         1668    i.SystemInit        system_stm32g0xx.o
    0x08001842   0x08001842   0x00000002   PAD
    0x08001844   0x08001844   0x00000110   Code   RO          275    i.TIM14_IRQHandler  stm32g0xx_it.o
    0x08001954   0x08001954   0x0000003c   Code   RO          356    i.TIM14_Init        hardware.o
    0x08001990   0x08001990   0x000000c4   Code   RO          276    i.TIM17_IRQHandler  stm32g0xx_it.o
    0x08001a54   0x08001a54   0x0000003c   Code   RO          357    i.TIM17_Init        hardware.o
    0x08001a90   0x08001a90   0x00000080   Code   RO          358    i.USART1_Init       hardware.o
    0x08001b10   0x08001b10   0x00000018   Code   RO          359    i.__NVIC_EnableIRQ  hardware.o
    0x08001b28   0x08001b28   0x00000044   Code   RO         1308    i.__NVIC_SetPriority  stm32g0xx_hal_cortex.o
    0x08001b6c   0x08001b6c   0x00000188   Code   RO           13    i.main              main.o
    0x08001cf4   0x08001cf4   0x000000b0   Code   RO         1717    x$fpl$fmul          fz_ps.l(fmul.o)
    0x08001da4   0x08001da4   0x00000000   Code   RO         1728    x$fpl$usenofp       fz_ps.l(usenofp.o)
    0x08001da4   0x08001da4   0x00000040   Data   RO         1669    .constdata          system_stm32g0xx.o
    0x08001de4   0x08001de4   0x00000020   Data   RO         1893    Region$$Table       anon$$obj.o


    Execution Region RW_IRAM1 (Exec base: 0x20000000, Load base: 0x08001e04, Size: 0x00000830, Max: 0x00002000, ABSOLUTE)

    Exec Addr    Load Addr    Size         Type   Attr      Idx    E Section Name        Object

    0x20000000   0x08001e04   0x00000001   Data   RW           21    .data               main.o
    0x20000001   0x08001e05   0x00000001   Data   RW           22    .data               main.o
    0x20000002   0x08001e06   0x00000001   Data   RW           23    .data               main.o
    0x20000003   0x08001e07   0x00000001   Data   RW           24    .data               main.o
    0x20000004   0x08001e08   0x00000001   Data   RW           25    .data               main.o
    0x20000005   0x08001e09   0x00000001   Data   RW           26    .data               main.o
    0x20000006   0x08001e0a   0x0000001c   Data   RW           27    .data               main.o
    0x20000022   0x08001e26   0x00000001   Data   RW           28    .data               main.o
    0x20000023   0x08001e27   0x00000001   Data   RW           29    .data               main.o
    0x20000024   0x08001e28   0x00000001   Data   RW           30    .data               main.o
    0x20000025   0x08001e29   0x00000001   Data   RW           31    .data               main.o
    0x20000026   0x08001e2a   0x00000001   Data   RW           32    .data               main.o
    0x20000027   0x08001e2b   0x00000001   Data   RW           33    .data               main.o
    0x20000028   0x08001e2c   0x00000001   Data   RW           34    .data               main.o
    0x20000029   0x08001e2d   0x00000001   Data   RW           35    .data               main.o
    0x2000002a   0x08001e2e   0x00000001   Data   RW           36    .data               main.o
    0x2000002b   0x08001e2f   0x00000001   Data   RW           37    .data               main.o
    0x2000002c   0x08001e30   0x00000001   Data   RW           38    .data               main.o
    0x2000002d   0x08001e31   0x00000001   Data   RW           39    .data               main.o
    0x2000002e   0x08001e32   0x00000002   Data   RW           40    .data               main.o
    0x20000030   0x08001e34   0x00000001   Data   RW           41    .data               main.o
    0x20000031   0x08001e35   0x00000001   PAD
    0x20000032   0x08001e36   0x00000002   Data   RW           42    .data               main.o
    0x20000034   0x08001e38   0x00000002   Data   RW           45    .data               main.o
    0x20000036   0x08001e3a   0x00000008   Data   RW           47    .data               main.o
    0x2000003e   0x08001e42   0x00000001   Data   RW           48    .data               main.o
    0x2000003f   0x08001e43   0x00000001   Data   RW           51    .data               main.o
    0x20000040   0x08001e44   0x00000001   Data   RW           52    .data               main.o
    0x20000041   0x08001e45   0x00000001   Data   RW           53    .data               main.o
    0x20000042   0x08001e46   0x00000001   Data   RW           55    .data               main.o
    0x20000043   0x08001e47   0x00000001   PAD
    0x20000044   0x08001e48   0x00000004   Data   RW           60    .data               main.o
    0x20000048   0x08001e4c   0x00000001   Data   RW           62    .data               main.o
    0x20000049   0x08001e4d   0x00000001   Data   RW           63    .data               main.o
    0x2000004a   0x08001e4e   0x00000001   Data   RW           64    .data               main.o
    0x2000004b   0x08001e4f   0x00000001   Data   RW           65    .data               main.o
    0x2000004c   0x08001e50   0x00000001   Data   RW           67    .data               main.o
    0x2000004d   0x08001e51   0x00000001   Data   RW           91    .data               main.o
    0x2000004e   0x08001e52   0x00000001   Data   RW           92    .data               main.o
    0x2000004f   0x08001e53   0x00000001   Data   RW           93    .data               main.o
    0x20000050   0x08001e54   0x00000002   Data   RW           94    .data               main.o
    0x20000052   0x08001e56   0x00000002   Data   RW           95    .data               main.o
    0x20000054   0x08001e58   0x00000001   Data   RW           96    .data               main.o
    0x20000055   0x08001e59   0x00000001   Data   RW           99    .data               main.o
    0x20000056   0x08001e5a   0x00000001   Data   RW          100    .data               main.o
    0x20000057   0x08001e5b   0x00000001   Data   RW          101    .data               main.o
    0x20000058   0x08001e5c   0x00000001   Data   RW          102    .data               main.o
    0x20000059   0x08001e5d   0x00000001   Data   RW          103    .data               main.o
    0x2000005a   0x08001e5e   0x00000001   Data   RW          104    .data               main.o
    0x2000005b   0x08001e5f   0x00000001   Data   RW          105    .data               main.o
    0x2000005c   0x08001e60   0x00000001   Data   RW          106    .data               main.o
    0x2000005d   0x08001e61   0x00000001   Data   RW          107    .data               main.o
    0x2000005e   0x08001e62   0x00000001   Data   RW          108    .data               main.o
    0x2000005f   0x08001e63   0x00000001   Data   RW          109    .data               main.o
    0x20000060   0x08001e64   0x00000001   Data   RW          110    .data               main.o
    0x20000061   0x08001e65   0x00000001   Data   RW          111    .data               main.o
    0x20000062   0x08001e66   0x00000001   Data   RW          112    .data               main.o
    0x20000063   0x08001e67   0x00000001   Data   RW          113    .data               main.o
    0x20000064   0x08001e68   0x00000001   Data   RW          114    .data               main.o
    0x20000065   0x08001e69   0x00000001   Data   RW          115    .data               main.o
    0x20000066   0x08001e6a   0x00000001   Data   RW          116    .data               main.o
    0x20000067   0x08001e6b   0x00000001   Data   RW          117    .data               main.o
    0x20000068   0x08001e6c   0x00000001   Data   RW          118    .data               main.o
    0x20000069   0x08001e6d   0x00000001   Data   RW          119    .data               main.o
    0x2000006a   0x08001e6e   0x00000001   Data   RW          120    .data               main.o
    0x2000006b   0x08001e6f   0x00000001   Data   RW          121    .data               main.o
    0x2000006c   0x08001e70   0x00000001   Data   RW          122    .data               main.o
    0x2000006d   0x08001e71   0x00000006   Data   RW          124    .data               main.o
    0x20000073   0x08001e77   0x00000006   Data   RW          127    .data               main.o
    0x20000079   0x08001e7d   0x00000003   PAD
    0x2000007c   0x08001e80   0x0000000c   Data   RW         1434    .data               stm32g0xx_hal.o
    0x20000088   0x08001e8c   0x00000004   Data   RW         1671    .data               system_stm32g0xx.o
    0x2000008c        -       0x00000014   Zero   RW           14    .bss                main.o
    0x200000a0        -       0x0000000a   Zero   RW           15    .bss                main.o
    0x200000aa        -       0x0000000a   Zero   RW           16    .bss                main.o
    0x200000b4        -       0x00000032   Zero   RW           18    .bss                main.o
    0x200000e6        -       0x000000c8   Zero   RW           19    .bss                main.o
    0x200001ae        -       0x0000001e   Zero   RW           20    .bss                main.o
    0x200001cc        -       0x00000060   Zero   RW         1764    .bss                c_p.l(libspace.o)
    0x2000022c   0x08001e90   0x00000004   PAD
    0x20000230        -       0x00000200   Zero   RW            2    HEAP                startup_stm32g030xx.o
    0x20000430        -       0x00000400   Zero   RW            1    STACK               startup_stm32g030xx.o


==============================================================================

Image component sizes


      Code (inc. data)   RO Data    RW Data    ZI Data      Debug   Object Name

      1192        174          0          0          0      16896   hardware.o
       396         50          0        119        320     322406   main.o
      1032        154          0          0          0       4025   mp3.o
       936        208          0          0          0       1188   serial.o
        56         26        192          0       1536        656   startup_stm32g030xx.o
       176         26          0         12          0      16173   stm32g0xx_hal.o
       124         18          0          0          0      11512   stm32g0xx_hal_cortex.o
       358         18          0          0          0       1995   stm32g0xx_hal_gpio.o
        44          6          0          0          0        858   stm32g0xx_hal_msp.o
        76         14          0          0          0        758   stm32g0xx_hal_pwr_ex.o
      1468         74          0          0          0       4470   stm32g0xx_hal_rcc.o
       484        112          0          0          0       3501   stm32g0xx_it.o
         2          0         64          4          0       1167   system_stm32g0xx.o

    ----------------------------------------------------------------------
      6352        880        288        140       1856     385605   Object Totals
         0          0         32          0          0          0   (incl. Generated)
         8          0          0          5          0          0   (incl. Padding)

    ----------------------------------------------------------------------

      Code (inc. data)   RO Data    RW Data    ZI Data      Debug   Library Member Name

        44          4          0          0          0         84   __2sprintf.o
         8          0          0          0          0         68   __main.o
        36          0          0          0          0         76   __printf_nopercent.o
         0          0          0          0          0          0   __rtentry.o
        12          0          0          0          0          0   __rtentry2.o
         6          0          0          0          0          0   __rtentry4.o
        60          8          0          0          0          0   __scatter.o
        26          0          0          0          0          0   __scatter_copy.o
        28          0          0          0          0          0   __scatter_zi.o
        48          6          0          0          0         88   _printf_char_common.o
        10          0          0          0          0         60   _sputc.o
       346          0          0          0          0         92   aeabi_sdiv.o
        16          0          0          0          0         68   exit.o
         6          0          0          0          0        136   heapauxi.o
         0          0          0          0          0          0   indicate_semi.o
         2          0          0          0          0          0   libinit.o
         2          0          0          0          0          0   libinit2.o
         2          0          0          0          0          0   libshutdown.o
         2          0          0          0          0          0   libshutdown2.o
         8          4          0          0         96         68   libspace.o
        64          0          0          0          0        108   rt_memclr.o
         2          0          0          0          0          0   rtexit.o
        10          0          0          0          0          0   rtexit2.o
        12          4          0          0          0         60   sys_exit.o
        62          0          0          0          0         80   sys_stackheap_outer.o
         2          0          0          0          0         68   use_no_semi.o
        48          0          0          0          0         60   ffixui.o
       176          4          0          0          0         80   fmul.o
         0          0          0          0          0          0   usenofp.o

    ----------------------------------------------------------------------
      1044         30          0          0        100       1196   Library Totals
         6          0          0          0          4          0   (incl. Padding)

    ----------------------------------------------------------------------

      Code (inc. data)   RO Data    RW Data    ZI Data      Debug   Library Name

       814         26          0          0         96       1056   c_p.l
       224          4          0          0          0        140   fz_ps.l

    ----------------------------------------------------------------------
      1044         30          0          0        100       1196   Library Totals

    ----------------------------------------------------------------------

==============================================================================


      Code (inc. data)   RO Data    RW Data    ZI Data      Debug   

      7396        910        288        140       1956     384757   Grand Totals
      7396        910        288        140       1956     384757   ELF Image Totals
      7396        910        288        140          0          0   ROM Totals

==============================================================================

    Total RO  Size (Code + RO Data)                 7684 (   7.50kB)
    Total RW  Size (RW Data + ZI Data)              2096 (   2.05kB)
    Total ROM Size (Code + RO Data + RW Data)       7824 (   7.64kB)

==============================================================================

